---
source: noaa_weather_summary/tests/radar.rs
expression: "decode::<RadarStationAlarmsResponse>(ALARMS).summarize(&SummaryOptions::default())"
---
title: Radar station alarms
subtitle: 0 alarms
emphasis: None
sections:
  - Empty:
      key: "@graph"
      message: No active radar-station alarms
notes: []
