---
source: noaa_weather_cli/src/output/render/tests.rs
expression: "options(ColorMode::Never,\n100).render(&forecast.summarize(&SummaryOptions::default()))"
---
Hourly forecast

┌─────────┬───────────────────────────────────────────────────┐
│ Updated ┆ 2026-09-02 06:26 +00:00                           │
│ Covers  ┆ 2026-09-02 00:00 +00:00 – 2026-09-10 01:00 +00:00 │
└─────────┴───────────────────────────────────────────────────┘

┌──────────────────┬───────┬──────────┬────────┬──────────┬────────────────────────┬───────────────┐
│ Hour             ┆  Temp ┆ Dewpoint ┆ Precip ┆ Humidity ┆ Wind                   ┆ Forecast      │
╞══════════════════╪═══════╪══════════╪════════╪══════════╪════════════════════════╪═══════════════╡
│ 2026-09-02 02:00 ┆ 79 °F ┆    59 °F ┆     0% ┆      50% ┆ 10 mph S               ┆ Partly Cloudy │
│ -05:00           ┆       ┆          ┆        ┆          ┆                        ┆               │
├╌╌╌╌╌╌╌╌╌╌╌╌╌╌╌╌╌╌┼╌╌╌╌╌╌╌┼╌╌╌╌╌╌╌╌╌╌┼╌╌╌╌╌╌╌╌┼╌╌╌╌╌╌╌╌╌╌┼╌╌╌╌╌╌╌╌╌╌╌╌╌╌╌╌╌╌╌╌╌╌╌╌┼╌╌╌╌╌╌╌╌╌╌╌╌╌╌╌┤
│ 2026-09-02 03:00 ┆ 80 °F ┆    59 °F ┆     0% ┆      49% ┆ 10 mph S               ┆ Partly Cloudy │
│ -05:00           ┆       ┆          ┆        ┆          ┆                        ┆               │
├╌╌╌╌╌╌╌╌╌╌╌╌╌╌╌╌╌╌┼╌╌╌╌╌╌╌┼╌╌╌╌╌╌╌╌╌╌┼╌╌╌╌╌╌╌╌┼╌╌╌╌╌╌╌╌╌╌┼╌╌╌╌╌╌╌╌╌╌╌╌╌╌╌╌╌╌╌╌╌╌╌╌┼╌╌╌╌╌╌╌╌╌╌╌╌╌╌╌┤
│ 2026-09-02 04:00 ┆ 80 °F ┆    60 °F ┆     0% ┆      51% ┆ 10 mph S               ┆ Mostly Clear  │
│ -05:00           ┆       ┆          ┆        ┆          ┆                        ┆               │
├╌╌╌╌╌╌╌╌╌╌╌╌╌╌╌╌╌╌┼╌╌╌╌╌╌╌┼╌╌╌╌╌╌╌╌╌╌┼╌╌╌╌╌╌╌╌┼╌╌╌╌╌╌╌╌╌╌┼╌╌╌╌╌╌╌╌╌╌╌╌╌╌╌╌╌╌╌╌╌╌╌╌┼╌╌╌╌╌╌╌╌╌╌╌╌╌╌╌┤
│ 2026-09-02 05:00 ┆ 79 °F ┆    60 °F ┆     3% ┆      52% ┆ 10 mph S               ┆ Mostly Clear  │
│ -05:00           ┆       ┆          ┆        ┆          ┆                        ┆               │
├╌╌╌╌╌╌╌╌╌╌╌╌╌╌╌╌╌╌┼╌╌╌╌╌╌╌┼╌╌╌╌╌╌╌╌╌╌┼╌╌╌╌╌╌╌╌┼╌╌╌╌╌╌╌╌╌╌┼╌╌╌╌╌╌╌╌╌╌╌╌╌╌╌╌╌╌╌╌╌╌╌╌┼╌╌╌╌╌╌╌╌╌╌╌╌╌╌╌┤
│ 2026-09-02 06:00 ┆ 77 °F ┆    60 °F ┆     7% ┆      56% ┆ 10 mph S               ┆ Sunny         │
│ -05:00           ┆       ┆          ┆        ┆          ┆                        ┆               │
├╌╌╌╌╌╌╌╌╌╌╌╌╌╌╌╌╌╌┼╌╌╌╌╌╌╌┼╌╌╌╌╌╌╌╌╌╌┼╌╌╌╌╌╌╌╌┼╌╌╌╌╌╌╌╌╌╌┼╌╌╌╌╌╌╌╌╌╌╌╌╌╌╌╌╌╌╌╌╌╌╌╌┼╌╌╌╌╌╌╌╌╌╌╌╌╌╌╌┤
│ 2026-09-02 07:00 ┆ 76 °F ┆    61 °F ┆    10% ┆      60% ┆ 10 mph S               ┆ Mostly Sunny  │
│ -05:00           ┆       ┆          ┆        ┆          ┆                        ┆               │
├╌╌╌╌╌╌╌╌╌╌╌╌╌╌╌╌╌╌┼╌╌╌╌╌╌╌┼╌╌╌╌╌╌╌╌╌╌┼╌╌╌╌╌╌╌╌┼╌╌╌╌╌╌╌╌╌╌┼╌╌╌╌╌╌╌╌╌╌╌╌╌╌╌╌╌╌╌╌╌╌╌╌┼╌╌╌╌╌╌╌╌╌╌╌╌╌╌╌┤
│ 2026-09-02 08:00 ┆ 77 °F ┆    62 °F ┆    10% ┆      60% ┆ 10 mph S               ┆ Mostly Sunny  │
│ -05:00           ┆       ┆          ┆        ┆          ┆                        ┆               │
├╌╌╌╌╌╌╌╌╌╌╌╌╌╌╌╌╌╌┼╌╌╌╌╌╌╌┼╌╌╌╌╌╌╌╌╌╌┼╌╌╌╌╌╌╌╌┼╌╌╌╌╌╌╌╌╌╌┼╌╌╌╌╌╌╌╌╌╌╌╌╌╌╌╌╌╌╌╌╌╌╌╌┼╌╌╌╌╌╌╌╌╌╌╌╌╌╌╌┤
│ 2026-09-02 09:00 ┆ 80 °F ┆    64 °F ┆     9% ┆      58% ┆ 15 mph SW              ┆ Mostly Sunny  │
│ -05:00           ┆       ┆          ┆        ┆          ┆                        ┆               │
├╌╌╌╌╌╌╌╌╌╌╌╌╌╌╌╌╌╌┼╌╌╌╌╌╌╌┼╌╌╌╌╌╌╌╌╌╌┼╌╌╌╌╌╌╌╌┼╌╌╌╌╌╌╌╌╌╌┼╌╌╌╌╌╌╌╌╌╌╌╌╌╌╌╌╌╌╌╌╌╌╌╌┼╌╌╌╌╌╌╌╌╌╌╌╌╌╌╌┤
│ 2026-09-02 10:00 ┆ 84 °F ┆    65 °F ┆     8% ┆      53% ┆ 15 mph SW gust 20 mph  ┆ Mostly Sunny  │
│ -05:00           ┆       ┆          ┆        ┆          ┆                        ┆               │
├╌╌╌╌╌╌╌╌╌╌╌╌╌╌╌╌╌╌┼╌╌╌╌╌╌╌┼╌╌╌╌╌╌╌╌╌╌┼╌╌╌╌╌╌╌╌┼╌╌╌╌╌╌╌╌╌╌┼╌╌╌╌╌╌╌╌╌╌╌╌╌╌╌╌╌╌╌╌╌╌╌╌┼╌╌╌╌╌╌╌╌╌╌╌╌╌╌╌┤
│ 2026-09-02 11:00 ┆ 89 °F ┆    65 °F ┆     6% ┆      45% ┆ 15 mph SW gust 20 mph  ┆ Mostly Sunny  │
│ -05:00           ┆       ┆          ┆        ┆          ┆                        ┆               │
├╌╌╌╌╌╌╌╌╌╌╌╌╌╌╌╌╌╌┼╌╌╌╌╌╌╌┼╌╌╌╌╌╌╌╌╌╌┼╌╌╌╌╌╌╌╌┼╌╌╌╌╌╌╌╌╌╌┼╌╌╌╌╌╌╌╌╌╌╌╌╌╌╌╌╌╌╌╌╌╌╌╌┼╌╌╌╌╌╌╌╌╌╌╌╌╌╌╌┤
│ 2026-09-02 12:00 ┆ 91 °F ┆    65 °F ┆     3% ┆      42% ┆ 15 mph S gust 25 mph   ┆ Mostly Sunny  │
│ -05:00           ┆       ┆          ┆        ┆          ┆                        ┆               │
├╌╌╌╌╌╌╌╌╌╌╌╌╌╌╌╌╌╌┼╌╌╌╌╌╌╌┼╌╌╌╌╌╌╌╌╌╌┼╌╌╌╌╌╌╌╌┼╌╌╌╌╌╌╌╌╌╌┼╌╌╌╌╌╌╌╌╌╌╌╌╌╌╌╌╌╌╌╌╌╌╌╌┼╌╌╌╌╌╌╌╌╌╌╌╌╌╌╌┤
│ 2026-09-02 13:00 ┆ 95 °F ┆    65 °F ┆     1% ┆      37% ┆ 15 mph S gust 25 mph   ┆ Mostly Sunny  │
│ -05:00           ┆       ┆          ┆        ┆          ┆                        ┆               │
├╌╌╌╌╌╌╌╌╌╌╌╌╌╌╌╌╌╌┼╌╌╌╌╌╌╌┼╌╌╌╌╌╌╌╌╌╌┼╌╌╌╌╌╌╌╌┼╌╌╌╌╌╌╌╌╌╌┼╌╌╌╌╌╌╌╌╌╌╌╌╌╌╌╌╌╌╌╌╌╌╌╌┼╌╌╌╌╌╌╌╌╌╌╌╌╌╌╌┤
│ 2026-09-02 14:00 ┆ 98 °F ┆    64 °F ┆     1% ┆      33% ┆ 15 mph S gust 25 mph   ┆ Mostly Sunny  │
│ -05:00           ┆       ┆          ┆        ┆          ┆                        ┆               │
├╌╌╌╌╌╌╌╌╌╌╌╌╌╌╌╌╌╌┼╌╌╌╌╌╌╌┼╌╌╌╌╌╌╌╌╌╌┼╌╌╌╌╌╌╌╌┼╌╌╌╌╌╌╌╌╌╌┼╌╌╌╌╌╌╌╌╌╌╌╌╌╌╌╌╌╌╌╌╌╌╌╌┼╌╌╌╌╌╌╌╌╌╌╌╌╌╌╌┤
│ 2026-09-02 15:00 ┆ 99 °F ┆    63 °F ┆     1% ┆      31% ┆ 15 mph S gust 25 mph   ┆ Mostly Sunny  │
│ -05:00           ┆       ┆          ┆        ┆          ┆                        ┆               │
├╌╌╌╌╌╌╌╌╌╌╌╌╌╌╌╌╌╌┼╌╌╌╌╌╌╌┼╌╌╌╌╌╌╌╌╌╌┼╌╌╌╌╌╌╌╌┼╌╌╌╌╌╌╌╌╌╌┼╌╌╌╌╌╌╌╌╌╌╌╌╌╌╌╌╌╌╌╌╌╌╌╌┼╌╌╌╌╌╌╌╌╌╌╌╌╌╌╌┤
│ 2026-09-02 16:00 ┆ 99 °F ┆    62 °F ┆     1% ┆      30% ┆ 15 mph S gust 25 mph   ┆ Mostly Sunny  │
│ -05:00           ┆       ┆          ┆        ┆          ┆                        ┆               │
├╌╌╌╌╌╌╌╌╌╌╌╌╌╌╌╌╌╌┼╌╌╌╌╌╌╌┼╌╌╌╌╌╌╌╌╌╌┼╌╌╌╌╌╌╌╌┼╌╌╌╌╌╌╌╌╌╌┼╌╌╌╌╌╌╌╌╌╌╌╌╌╌╌╌╌╌╌╌╌╌╌╌┼╌╌╌╌╌╌╌╌╌╌╌╌╌╌╌┤
│ 2026-09-02 17:00 ┆ 99 °F ┆    62 °F ┆     1% ┆      30% ┆ 15 mph S               ┆ Mostly Sunny  │
│ -05:00           ┆       ┆          ┆        ┆          ┆                        ┆               │
├╌╌╌╌╌╌╌╌╌╌╌╌╌╌╌╌╌╌┼╌╌╌╌╌╌╌┼╌╌╌╌╌╌╌╌╌╌┼╌╌╌╌╌╌╌╌┼╌╌╌╌╌╌╌╌╌╌┼╌╌╌╌╌╌╌╌╌╌╌╌╌╌╌╌╌╌╌╌╌╌╌╌┼╌╌╌╌╌╌╌╌╌╌╌╌╌╌╌┤
│ 2026-09-02 18:00 ┆ 98 °F ┆    63 °F ┆     1% ┆      32% ┆ 10 mph S               ┆ Partly Cloudy │
│ -05:00           ┆       ┆          ┆        ┆          ┆                        ┆               │
├╌╌╌╌╌╌╌╌╌╌╌╌╌╌╌╌╌╌┼╌╌╌╌╌╌╌┼╌╌╌╌╌╌╌╌╌╌┼╌╌╌╌╌╌╌╌┼╌╌╌╌╌╌╌╌╌╌┼╌╌╌╌╌╌╌╌╌╌╌╌╌╌╌╌╌╌╌╌╌╌╌╌┼╌╌╌╌╌╌╌╌╌╌╌╌╌╌╌┤
│ 2026-09-02 19:00 ┆ 94 °F ┆    63 °F ┆     1% ┆      36% ┆ 10 mph S               ┆ Mostly Clear  │
│ -05:00           ┆       ┆          ┆        ┆          ┆                        ┆               │
├╌╌╌╌╌╌╌╌╌╌╌╌╌╌╌╌╌╌┼╌╌╌╌╌╌╌┼╌╌╌╌╌╌╌╌╌╌┼╌╌╌╌╌╌╌╌┼╌╌╌╌╌╌╌╌╌╌┼╌╌╌╌╌╌╌╌╌╌╌╌╌╌╌╌╌╌╌╌╌╌╌╌┼╌╌╌╌╌╌╌╌╌╌╌╌╌╌╌┤
│ 2026-09-02 20:00 ┆ 91 °F ┆    63 °F ┆     1% ┆      40% ┆ 10 mph S               ┆ Mostly Clear  │
│ -05:00           ┆       ┆          ┆        ┆          ┆                        ┆               │
├╌╌╌╌╌╌╌╌╌╌╌╌╌╌╌╌╌╌┼╌╌╌╌╌╌╌┼╌╌╌╌╌╌╌╌╌╌┼╌╌╌╌╌╌╌╌┼╌╌╌╌╌╌╌╌╌╌┼╌╌╌╌╌╌╌╌╌╌╌╌╌╌╌╌╌╌╌╌╌╌╌╌┼╌╌╌╌╌╌╌╌╌╌╌╌╌╌╌┤
│ 2026-09-02 21:00 ┆ 87 °F ┆    63 °F ┆     1% ┆      45% ┆ 10 mph S               ┆ Mostly Clear  │
│ -05:00           ┆       ┆          ┆        ┆          ┆                        ┆               │
├╌╌╌╌╌╌╌╌╌╌╌╌╌╌╌╌╌╌┼╌╌╌╌╌╌╌┼╌╌╌╌╌╌╌╌╌╌┼╌╌╌╌╌╌╌╌┼╌╌╌╌╌╌╌╌╌╌┼╌╌╌╌╌╌╌╌╌╌╌╌╌╌╌╌╌╌╌╌╌╌╌╌┼╌╌╌╌╌╌╌╌╌╌╌╌╌╌╌┤
│ 2026-09-02 22:00 ┆ 86 °F ┆    63 °F ┆     1% ┆      46% ┆ 10 mph S               ┆ Mostly Clear  │
│ -05:00           ┆       ┆          ┆        ┆          ┆                        ┆               │
├╌╌╌╌╌╌╌╌╌╌╌╌╌╌╌╌╌╌┼╌╌╌╌╌╌╌┼╌╌╌╌╌╌╌╌╌╌┼╌╌╌╌╌╌╌╌┼╌╌╌╌╌╌╌╌╌╌┼╌╌╌╌╌╌╌╌╌╌╌╌╌╌╌╌╌╌╌╌╌╌╌╌┼╌╌╌╌╌╌╌╌╌╌╌╌╌╌╌┤
│ 2026-09-02 23:00 ┆ 85 °F ┆    63 °F ┆     3% ┆      48% ┆ 10 mph S               ┆ Mostly Clear  │
│ -05:00           ┆       ┆          ┆        ┆          ┆                        ┆               │
├╌╌╌╌╌╌╌╌╌╌╌╌╌╌╌╌╌╌┼╌╌╌╌╌╌╌┼╌╌╌╌╌╌╌╌╌╌┼╌╌╌╌╌╌╌╌┼╌╌╌╌╌╌╌╌╌╌┼╌╌╌╌╌╌╌╌╌╌╌╌╌╌╌╌╌╌╌╌╌╌╌╌┼╌╌╌╌╌╌╌╌╌╌╌╌╌╌╌┤
│ 2026-09-03 00:00 ┆ 84 °F ┆    63 °F ┆     5% ┆      49% ┆ 15 mph S               ┆ Mostly Clear  │
│ -05:00           ┆       ┆          ┆        ┆          ┆                        ┆               │
├╌╌╌╌╌╌╌╌╌╌╌╌╌╌╌╌╌╌┼╌╌╌╌╌╌╌┼╌╌╌╌╌╌╌╌╌╌┼╌╌╌╌╌╌╌╌┼╌╌╌╌╌╌╌╌╌╌┼╌╌╌╌╌╌╌╌╌╌╌╌╌╌╌╌╌╌╌╌╌╌╌╌┼╌╌╌╌╌╌╌╌╌╌╌╌╌╌╌┤
│ 2026-09-03 01:00 ┆ 83 °F ┆    63 °F ┆     7% ┆      51% ┆ 15 mph S gust 20 mph   ┆ Mostly Clear  │
│ -05:00           ┆       ┆          ┆        ┆          ┆                        ┆               │
├╌╌╌╌╌╌╌╌╌╌╌╌╌╌╌╌╌╌┼╌╌╌╌╌╌╌┼╌╌╌╌╌╌╌╌╌╌┼╌╌╌╌╌╌╌╌┼╌╌╌╌╌╌╌╌╌╌┼╌╌╌╌╌╌╌╌╌╌╌╌╌╌╌╌╌╌╌╌╌╌╌╌┼╌╌╌╌╌╌╌╌╌╌╌╌╌╌╌┤
│ 2026-09-03 02:00 ┆ 82 °F ┆    63 °F ┆     9% ┆      53% ┆ 15 mph S gust 20 mph   ┆ Partly Cloudy │
│ -05:00           ┆       ┆          ┆        ┆          ┆                        ┆               │
├╌╌╌╌╌╌╌╌╌╌╌╌╌╌╌╌╌╌┼╌╌╌╌╌╌╌┼╌╌╌╌╌╌╌╌╌╌┼╌╌╌╌╌╌╌╌┼╌╌╌╌╌╌╌╌╌╌┼╌╌╌╌╌╌╌╌╌╌╌╌╌╌╌╌╌╌╌╌╌╌╌╌┼╌╌╌╌╌╌╌╌╌╌╌╌╌╌╌┤
│ 2026-09-03 03:00 ┆ 82 °F ┆    63 °F ┆    11% ┆      53% ┆ 15 mph S gust 20 mph   ┆ Partly Cloudy │
│ -05:00           ┆       ┆          ┆        ┆          ┆                        ┆               │
├╌╌╌╌╌╌╌╌╌╌╌╌╌╌╌╌╌╌┼╌╌╌╌╌╌╌┼╌╌╌╌╌╌╌╌╌╌┼╌╌╌╌╌╌╌╌┼╌╌╌╌╌╌╌╌╌╌┼╌╌╌╌╌╌╌╌╌╌╌╌╌╌╌╌╌╌╌╌╌╌╌╌┼╌╌╌╌╌╌╌╌╌╌╌╌╌╌╌┤
│ 2026-09-03 04:00 ┆ 81 °F ┆    64 °F ┆    13% ┆      56% ┆ 15 mph S               ┆ Partly Cloudy │
│ -05:00           ┆       ┆          ┆        ┆          ┆                        ┆               │
├╌╌╌╌╌╌╌╌╌╌╌╌╌╌╌╌╌╌┼╌╌╌╌╌╌╌┼╌╌╌╌╌╌╌╌╌╌┼╌╌╌╌╌╌╌╌┼╌╌╌╌╌╌╌╌╌╌┼╌╌╌╌╌╌╌╌╌╌╌╌╌╌╌╌╌╌╌╌╌╌╌╌┼╌╌╌╌╌╌╌╌╌╌╌╌╌╌╌┤
│ 2026-09-03 05:00 ┆ 79 °F ┆    64 °F ┆    12% ┆      60% ┆ 15 mph S               ┆ Partly Cloudy │
│ -05:00           ┆       ┆          ┆        ┆          ┆                        ┆               │
├╌╌╌╌╌╌╌╌╌╌╌╌╌╌╌╌╌╌┼╌╌╌╌╌╌╌┼╌╌╌╌╌╌╌╌╌╌┼╌╌╌╌╌╌╌╌┼╌╌╌╌╌╌╌╌╌╌┼╌╌╌╌╌╌╌╌╌╌╌╌╌╌╌╌╌╌╌╌╌╌╌╌┼╌╌╌╌╌╌╌╌╌╌╌╌╌╌╌┤
│ 2026-09-03 06:00 ┆ 78 °F ┆    64 °F ┆    12% ┆      62% ┆ 15 mph S               ┆ Mostly Sunny  │
│ -05:00           ┆       ┆          ┆        ┆          ┆                        ┆               │
├╌╌╌╌╌╌╌╌╌╌╌╌╌╌╌╌╌╌┼╌╌╌╌╌╌╌┼╌╌╌╌╌╌╌╌╌╌┼╌╌╌╌╌╌╌╌┼╌╌╌╌╌╌╌╌╌╌┼╌╌╌╌╌╌╌╌╌╌╌╌╌╌╌╌╌╌╌╌╌╌╌╌┼╌╌╌╌╌╌╌╌╌╌╌╌╌╌╌┤
│ 2026-09-03 07:00 ┆ 78 °F ┆    65 °F ┆    11% ┆      64% ┆ 15 mph S               ┆ Mostly Sunny  │
│ -05:00           ┆       ┆          ┆        ┆          ┆                        ┆               │
├╌╌╌╌╌╌╌╌╌╌╌╌╌╌╌╌╌╌┼╌╌╌╌╌╌╌┼╌╌╌╌╌╌╌╌╌╌┼╌╌╌╌╌╌╌╌┼╌╌╌╌╌╌╌╌╌╌┼╌╌╌╌╌╌╌╌╌╌╌╌╌╌╌╌╌╌╌╌╌╌╌╌┼╌╌╌╌╌╌╌╌╌╌╌╌╌╌╌┤
│ 2026-09-03 08:00 ┆ 77 °F ┆    66 °F ┆    10% ┆      69% ┆ 15 mph S               ┆ Mostly Sunny  │
│ -05:00           ┆       ┆          ┆        ┆          ┆                        ┆               │
├╌╌╌╌╌╌╌╌╌╌╌╌╌╌╌╌╌╌┼╌╌╌╌╌╌╌┼╌╌╌╌╌╌╌╌╌╌┼╌╌╌╌╌╌╌╌┼╌╌╌╌╌╌╌╌╌╌┼╌╌╌╌╌╌╌╌╌╌╌╌╌╌╌╌╌╌╌╌╌╌╌╌┼╌╌╌╌╌╌╌╌╌╌╌╌╌╌╌┤
│ 2026-09-03 09:00 ┆ 79 °F ┆    67 °F ┆     9% ┆      67% ┆ 15 mph S gust 25 mph   ┆ Mostly Sunny  │
│ -05:00           ┆       ┆          ┆        ┆          ┆                        ┆               │
├╌╌╌╌╌╌╌╌╌╌╌╌╌╌╌╌╌╌┼╌╌╌╌╌╌╌┼╌╌╌╌╌╌╌╌╌╌┼╌╌╌╌╌╌╌╌┼╌╌╌╌╌╌╌╌╌╌┼╌╌╌╌╌╌╌╌╌╌╌╌╌╌╌╌╌╌╌╌╌╌╌╌┼╌╌╌╌╌╌╌╌╌╌╌╌╌╌╌┤
│ 2026-09-03 10:00 ┆ 83 °F ┆    68 °F ┆     7% ┆      61% ┆ 15 mph S gust 25 mph   ┆ Mostly Sunny  │
│ -05:00           ┆       ┆          ┆        ┆          ┆                        ┆               │
├╌╌╌╌╌╌╌╌╌╌╌╌╌╌╌╌╌╌┼╌╌╌╌╌╌╌┼╌╌╌╌╌╌╌╌╌╌┼╌╌╌╌╌╌╌╌┼╌╌╌╌╌╌╌╌╌╌┼╌╌╌╌╌╌╌╌╌╌╌╌╌╌╌╌╌╌╌╌╌╌╌╌┼╌╌╌╌╌╌╌╌╌╌╌╌╌╌╌┤
│ 2026-09-03 11:00 ┆ 87 °F ┆    69 °F ┆     5% ┆      55% ┆ 15 mph S gust 25 mph   ┆ Mostly Sunny  │
│ -05:00           ┆       ┆          ┆        ┆          ┆                        ┆               │
├╌╌╌╌╌╌╌╌╌╌╌╌╌╌╌╌╌╌┼╌╌╌╌╌╌╌┼╌╌╌╌╌╌╌╌╌╌┼╌╌╌╌╌╌╌╌┼╌╌╌╌╌╌╌╌╌╌┼╌╌╌╌╌╌╌╌╌╌╌╌╌╌╌╌╌╌╌╌╌╌╌╌┼╌╌╌╌╌╌╌╌╌╌╌╌╌╌╌┤
│ 2026-09-03 12:00 ┆ 91 °F ┆    69 °F ┆     2% ┆      49% ┆ 15 mph S gust 30 mph   ┆ Mostly Sunny  │
│ -05:00           ┆       ┆          ┆        ┆          ┆                        ┆               │
├╌╌╌╌╌╌╌╌╌╌╌╌╌╌╌╌╌╌┼╌╌╌╌╌╌╌┼╌╌╌╌╌╌╌╌╌╌┼╌╌╌╌╌╌╌╌┼╌╌╌╌╌╌╌╌╌╌┼╌╌╌╌╌╌╌╌╌╌╌╌╌╌╌╌╌╌╌╌╌╌╌╌┼╌╌╌╌╌╌╌╌╌╌╌╌╌╌╌┤
│ 2026-09-03 13:00 ┆ 93 °F ┆    69 °F ┆     0% ┆      46% ┆ 15 mph S gust 30 mph   ┆ Sunny         │
│ -05:00           ┆       ┆          ┆        ┆          ┆                        ┆               │
├╌╌╌╌╌╌╌╌╌╌╌╌╌╌╌╌╌╌┼╌╌╌╌╌╌╌┼╌╌╌╌╌╌╌╌╌╌┼╌╌╌╌╌╌╌╌┼╌╌╌╌╌╌╌╌╌╌┼╌╌╌╌╌╌╌╌╌╌╌╌╌╌╌╌╌╌╌╌╌╌╌╌┼╌╌╌╌╌╌╌╌╌╌╌╌╌╌╌┤
│ 2026-09-03 14:00 ┆ 96 °F ┆    68 °F ┆     0% ┆      40% ┆ 20 mph S gust 30 mph   ┆ Sunny         │
│ -05:00           ┆       ┆          ┆        ┆          ┆                        ┆               │
├╌╌╌╌╌╌╌╌╌╌╌╌╌╌╌╌╌╌┼╌╌╌╌╌╌╌┼╌╌╌╌╌╌╌╌╌╌┼╌╌╌╌╌╌╌╌┼╌╌╌╌╌╌╌╌╌╌┼╌╌╌╌╌╌╌╌╌╌╌╌╌╌╌╌╌╌╌╌╌╌╌╌┼╌╌╌╌╌╌╌╌╌╌╌╌╌╌╌┤
│ 2026-09-03 15:00 ┆ 97 °F ┆    66 °F ┆     0% ┆      37% ┆ 15 mph S gust 30 mph   ┆ Sunny         │
│ -05:00           ┆       ┆          ┆        ┆          ┆                        ┆               │
├╌╌╌╌╌╌╌╌╌╌╌╌╌╌╌╌╌╌┼╌╌╌╌╌╌╌┼╌╌╌╌╌╌╌╌╌╌┼╌╌╌╌╌╌╌╌┼╌╌╌╌╌╌╌╌╌╌┼╌╌╌╌╌╌╌╌╌╌╌╌╌╌╌╌╌╌╌╌╌╌╌╌┼╌╌╌╌╌╌╌╌╌╌╌╌╌╌╌┤
│ 2026-09-03 16:00 ┆ 98 °F ┆    66 °F ┆     0% ┆      35% ┆ 15 mph S gust 30 mph   ┆ Sunny         │
│ -05:00           ┆       ┆          ┆        ┆          ┆                        ┆               │
├╌╌╌╌╌╌╌╌╌╌╌╌╌╌╌╌╌╌┼╌╌╌╌╌╌╌┼╌╌╌╌╌╌╌╌╌╌┼╌╌╌╌╌╌╌╌┼╌╌╌╌╌╌╌╌╌╌┼╌╌╌╌╌╌╌╌╌╌╌╌╌╌╌╌╌╌╌╌╌╌╌╌┼╌╌╌╌╌╌╌╌╌╌╌╌╌╌╌┤
│ 2026-09-03 17:00 ┆ 98 °F ┆    66 °F ┆     0% ┆      35% ┆ 15 mph S gust 25 mph   ┆ Sunny         │
│ -05:00           ┆       ┆          ┆        ┆          ┆                        ┆               │
├╌╌╌╌╌╌╌╌╌╌╌╌╌╌╌╌╌╌┼╌╌╌╌╌╌╌┼╌╌╌╌╌╌╌╌╌╌┼╌╌╌╌╌╌╌╌┼╌╌╌╌╌╌╌╌╌╌┼╌╌╌╌╌╌╌╌╌╌╌╌╌╌╌╌╌╌╌╌╌╌╌╌┼╌╌╌╌╌╌╌╌╌╌╌╌╌╌╌┤
│ 2026-09-03 18:00 ┆ 96 °F ┆    66 °F ┆     1% ┆      38% ┆ 15 mph S gust 25 mph   ┆ Clear         │
│ -05:00           ┆       ┆          ┆        ┆          ┆                        ┆               │
├╌╌╌╌╌╌╌╌╌╌╌╌╌╌╌╌╌╌┼╌╌╌╌╌╌╌┼╌╌╌╌╌╌╌╌╌╌┼╌╌╌╌╌╌╌╌┼╌╌╌╌╌╌╌╌╌╌┼╌╌╌╌╌╌╌╌╌╌╌╌╌╌╌╌╌╌╌╌╌╌╌╌┼╌╌╌╌╌╌╌╌╌╌╌╌╌╌╌┤
│ 2026-09-03 19:00 ┆ 94 °F ┆    67 °F ┆     1% ┆      41% ┆ 15 mph S               ┆ Clear         │
│ -05:00           ┆       ┆          ┆        ┆          ┆                        ┆               │
├╌╌╌╌╌╌╌╌╌╌╌╌╌╌╌╌╌╌┼╌╌╌╌╌╌╌┼╌╌╌╌╌╌╌╌╌╌┼╌╌╌╌╌╌╌╌┼╌╌╌╌╌╌╌╌╌╌┼╌╌╌╌╌╌╌╌╌╌╌╌╌╌╌╌╌╌╌╌╌╌╌╌┼╌╌╌╌╌╌╌╌╌╌╌╌╌╌╌┤
│ 2026-09-03 20:00 ┆ 91 °F ┆    67 °F ┆     1% ┆      45% ┆ 15 mph S               ┆ Clear         │
│ -05:00           ┆       ┆          ┆        ┆          ┆                        ┆               │
├╌╌╌╌╌╌╌╌╌╌╌╌╌╌╌╌╌╌┼╌╌╌╌╌╌╌┼╌╌╌╌╌╌╌╌╌╌┼╌╌╌╌╌╌╌╌┼╌╌╌╌╌╌╌╌╌╌┼╌╌╌╌╌╌╌╌╌╌╌╌╌╌╌╌╌╌╌╌╌╌╌╌┼╌╌╌╌╌╌╌╌╌╌╌╌╌╌╌┤
│ 2026-09-03 21:00 ┆ 88 °F ┆    67 °F ┆     1% ┆      50% ┆ 10 mph S               ┆ Mostly Clear  │
│ -05:00           ┆       ┆          ┆        ┆          ┆                        ┆               │
├╌╌╌╌╌╌╌╌╌╌╌╌╌╌╌╌╌╌┼╌╌╌╌╌╌╌┼╌╌╌╌╌╌╌╌╌╌┼╌╌╌╌╌╌╌╌┼╌╌╌╌╌╌╌╌╌╌┼╌╌╌╌╌╌╌╌╌╌╌╌╌╌╌╌╌╌╌╌╌╌╌╌┼╌╌╌╌╌╌╌╌╌╌╌╌╌╌╌┤
│ 2026-09-03 22:00 ┆ 86 °F ┆    67 °F ┆     1% ┆      53% ┆ 10 mph S               ┆ Mostly Clear  │
│ -05:00           ┆       ┆          ┆        ┆          ┆                        ┆               │
├╌╌╌╌╌╌╌╌╌╌╌╌╌╌╌╌╌╌┼╌╌╌╌╌╌╌┼╌╌╌╌╌╌╌╌╌╌┼╌╌╌╌╌╌╌╌┼╌╌╌╌╌╌╌╌╌╌┼╌╌╌╌╌╌╌╌╌╌╌╌╌╌╌╌╌╌╌╌╌╌╌╌┼╌╌╌╌╌╌╌╌╌╌╌╌╌╌╌┤
│ 2026-09-03 23:00 ┆ 85 °F ┆    66 °F ┆     1% ┆      53% ┆ 10 mph S gust 20 mph   ┆ Mostly Clear  │
│ -05:00           ┆       ┆          ┆        ┆          ┆                        ┆               │
├╌╌╌╌╌╌╌╌╌╌╌╌╌╌╌╌╌╌┼╌╌╌╌╌╌╌┼╌╌╌╌╌╌╌╌╌╌┼╌╌╌╌╌╌╌╌┼╌╌╌╌╌╌╌╌╌╌┼╌╌╌╌╌╌╌╌╌╌╌╌╌╌╌╌╌╌╌╌╌╌╌╌┼╌╌╌╌╌╌╌╌╌╌╌╌╌╌╌┤
│ 2026-09-04 00:00 ┆ 83 °F ┆    66 °F ┆     1% ┆      57% ┆ 10 mph S gust 20 mph   ┆ Mostly Clear  │
│ -05:00           ┆       ┆          ┆        ┆          ┆                        ┆               │
├╌╌╌╌╌╌╌╌╌╌╌╌╌╌╌╌╌╌┼╌╌╌╌╌╌╌┼╌╌╌╌╌╌╌╌╌╌┼╌╌╌╌╌╌╌╌┼╌╌╌╌╌╌╌╌╌╌┼╌╌╌╌╌╌╌╌╌╌╌╌╌╌╌╌╌╌╌╌╌╌╌╌┼╌╌╌╌╌╌╌╌╌╌╌╌╌╌╌┤
│ 2026-09-04 01:00 ┆ 82 °F ┆    66 °F ┆     0% ┆      58% ┆ 10 mph S gust 20 mph   ┆ Mostly Clear  │
│ -05:00           ┆       ┆          ┆        ┆          ┆                        ┆               │
├╌╌╌╌╌╌╌╌╌╌╌╌╌╌╌╌╌╌┼╌╌╌╌╌╌╌┼╌╌╌╌╌╌╌╌╌╌┼╌╌╌╌╌╌╌╌┼╌╌╌╌╌╌╌╌╌╌┼╌╌╌╌╌╌╌╌╌╌╌╌╌╌╌╌╌╌╌╌╌╌╌╌┼╌╌╌╌╌╌╌╌╌╌╌╌╌╌╌┤
│ 2026-09-04 02:00 ┆ 81 °F ┆    66 °F ┆     0% ┆      60% ┆ 10 mph S gust 20 mph   ┆ Mostly Clear  │
│ -05:00           ┆       ┆          ┆        ┆          ┆                        ┆               │
├╌╌╌╌╌╌╌╌╌╌╌╌╌╌╌╌╌╌┼╌╌╌╌╌╌╌┼╌╌╌╌╌╌╌╌╌╌┼╌╌╌╌╌╌╌╌┼╌╌╌╌╌╌╌╌╌╌┼╌╌╌╌╌╌╌╌╌╌╌╌╌╌╌╌╌╌╌╌╌╌╌╌┼╌╌╌╌╌╌╌╌╌╌╌╌╌╌╌┤
│ 2026-09-04 03:00 ┆ 80 °F ┆    66 °F ┆     0% ┆      62% ┆ 10 mph S gust 20 mph   ┆ Mostly Clear  │
│ -05:00           ┆       ┆          ┆        ┆          ┆                        ┆               │
├╌╌╌╌╌╌╌╌╌╌╌╌╌╌╌╌╌╌┼╌╌╌╌╌╌╌┼╌╌╌╌╌╌╌╌╌╌┼╌╌╌╌╌╌╌╌┼╌╌╌╌╌╌╌╌╌╌┼╌╌╌╌╌╌╌╌╌╌╌╌╌╌╌╌╌╌╌╌╌╌╌╌┼╌╌╌╌╌╌╌╌╌╌╌╌╌╌╌┤
│ 2026-09-04 04:00 ┆ 79 °F ┆    66 °F ┆     0% ┆      64% ┆ 10 mph S gust 20 mph   ┆ Mostly Clear  │
│ -05:00           ┆       ┆          ┆        ┆          ┆                        ┆               │
├╌╌╌╌╌╌╌╌╌╌╌╌╌╌╌╌╌╌┼╌╌╌╌╌╌╌┼╌╌╌╌╌╌╌╌╌╌┼╌╌╌╌╌╌╌╌┼╌╌╌╌╌╌╌╌╌╌┼╌╌╌╌╌╌╌╌╌╌╌╌╌╌╌╌╌╌╌╌╌╌╌╌┼╌╌╌╌╌╌╌╌╌╌╌╌╌╌╌┤
│ 2026-09-04 05:00 ┆ 79 °F ┆    66 °F ┆     0% ┆      64% ┆ 10 mph S               ┆ Partly Cloudy │
│ -05:00           ┆       ┆          ┆        ┆          ┆                        ┆               │
├╌╌╌╌╌╌╌╌╌╌╌╌╌╌╌╌╌╌┼╌╌╌╌╌╌╌┼╌╌╌╌╌╌╌╌╌╌┼╌╌╌╌╌╌╌╌┼╌╌╌╌╌╌╌╌╌╌┼╌╌╌╌╌╌╌╌╌╌╌╌╌╌╌╌╌╌╌╌╌╌╌╌┼╌╌╌╌╌╌╌╌╌╌╌╌╌╌╌┤
│ 2026-09-04 06:00 ┆ 78 °F ┆    66 °F ┆     0% ┆      67% ┆ 10 mph S               ┆ Mostly Sunny  │
│ -05:00           ┆       ┆          ┆        ┆          ┆                        ┆               │
├╌╌╌╌╌╌╌╌╌╌╌╌╌╌╌╌╌╌┼╌╌╌╌╌╌╌┼╌╌╌╌╌╌╌╌╌╌┼╌╌╌╌╌╌╌╌┼╌╌╌╌╌╌╌╌╌╌┼╌╌╌╌╌╌╌╌╌╌╌╌╌╌╌╌╌╌╌╌╌╌╌╌┼╌╌╌╌╌╌╌╌╌╌╌╌╌╌╌┤
│ 2026-09-04 07:00 ┆ 77 °F ┆    66 °F ┆     3% ┆      69% ┆ 10 mph S               ┆ Mostly Sunny  │
│ -05:00           ┆       ┆          ┆        ┆          ┆                        ┆               │
├╌╌╌╌╌╌╌╌╌╌╌╌╌╌╌╌╌╌┼╌╌╌╌╌╌╌┼╌╌╌╌╌╌╌╌╌╌┼╌╌╌╌╌╌╌╌┼╌╌╌╌╌╌╌╌╌╌┼╌╌╌╌╌╌╌╌╌╌╌╌╌╌╌╌╌╌╌╌╌╌╌╌┼╌╌╌╌╌╌╌╌╌╌╌╌╌╌╌┤
│ 2026-09-04 08:00 ┆ 79 °F ┆    67 °F ┆     3% ┆      67% ┆ 10 mph S               ┆ Mostly Sunny  │
│ -05:00           ┆       ┆          ┆        ┆          ┆                        ┆               │
├╌╌╌╌╌╌╌╌╌╌╌╌╌╌╌╌╌╌┼╌╌╌╌╌╌╌┼╌╌╌╌╌╌╌╌╌╌┼╌╌╌╌╌╌╌╌┼╌╌╌╌╌╌╌╌╌╌┼╌╌╌╌╌╌╌╌╌╌╌╌╌╌╌╌╌╌╌╌╌╌╌╌┼╌╌╌╌╌╌╌╌╌╌╌╌╌╌╌┤
│ 2026-09-04 09:00 ┆ 82 °F ┆    67 °F ┆     3% ┆      61% ┆ 10 mph S gust 20 mph   ┆ Mostly Sunny  │
│ -05:00           ┆       ┆          ┆        ┆          ┆                        ┆               │
├╌╌╌╌╌╌╌╌╌╌╌╌╌╌╌╌╌╌┼╌╌╌╌╌╌╌┼╌╌╌╌╌╌╌╌╌╌┼╌╌╌╌╌╌╌╌┼╌╌╌╌╌╌╌╌╌╌┼╌╌╌╌╌╌╌╌╌╌╌╌╌╌╌╌╌╌╌╌╌╌╌╌┼╌╌╌╌╌╌╌╌╌╌╌╌╌╌╌┤
│ 2026-09-04 10:00 ┆ 84 °F ┆    68 °F ┆     3% ┆      59% ┆ 10 mph S gust 20 mph   ┆ Mostly Sunny  │
│ -05:00           ┆       ┆          ┆        ┆          ┆                        ┆               │
├╌╌╌╌╌╌╌╌╌╌╌╌╌╌╌╌╌╌┼╌╌╌╌╌╌╌┼╌╌╌╌╌╌╌╌╌╌┼╌╌╌╌╌╌╌╌┼╌╌╌╌╌╌╌╌╌╌┼╌╌╌╌╌╌╌╌╌╌╌╌╌╌╌╌╌╌╌╌╌╌╌╌┼╌╌╌╌╌╌╌╌╌╌╌╌╌╌╌┤
│ 2026-09-04 11:00 ┆ 87 °F ┆    68 °F ┆     3% ┆      53% ┆ 10 mph S               ┆ Mostly Sunny  │
│ -05:00           ┆       ┆          ┆        ┆          ┆                        ┆               │
├╌╌╌╌╌╌╌╌╌╌╌╌╌╌╌╌╌╌┼╌╌╌╌╌╌╌┼╌╌╌╌╌╌╌╌╌╌┼╌╌╌╌╌╌╌╌┼╌╌╌╌╌╌╌╌╌╌┼╌╌╌╌╌╌╌╌╌╌╌╌╌╌╌╌╌╌╌╌╌╌╌╌┼╌╌╌╌╌╌╌╌╌╌╌╌╌╌╌┤
│ 2026-09-04 12:00 ┆ 90 °F ┆    68 °F ┆     3% ┆      49% ┆ 10 mph S               ┆ Mostly Sunny  │
│ -05:00           ┆       ┆          ┆        ┆          ┆                        ┆               │
├╌╌╌╌╌╌╌╌╌╌╌╌╌╌╌╌╌╌┼╌╌╌╌╌╌╌┼╌╌╌╌╌╌╌╌╌╌┼╌╌╌╌╌╌╌╌┼╌╌╌╌╌╌╌╌╌╌┼╌╌╌╌╌╌╌╌╌╌╌╌╌╌╌╌╌╌╌╌╌╌╌╌┼╌╌╌╌╌╌╌╌╌╌╌╌╌╌╌┤
│ 2026-09-04 13:00 ┆ 94 °F ┆    68 °F ┆     2% ┆      43% ┆ 10 mph S               ┆ Mostly Sunny  │
│ -05:00           ┆       ┆          ┆        ┆          ┆                        ┆               │
├╌╌╌╌╌╌╌╌╌╌╌╌╌╌╌╌╌╌┼╌╌╌╌╌╌╌┼╌╌╌╌╌╌╌╌╌╌┼╌╌╌╌╌╌╌╌┼╌╌╌╌╌╌╌╌╌╌┼╌╌╌╌╌╌╌╌╌╌╌╌╌╌╌╌╌╌╌╌╌╌╌╌┼╌╌╌╌╌╌╌╌╌╌╌╌╌╌╌┤
│ 2026-09-04 14:00 ┆ 95 °F ┆    67 °F ┆     2% ┆      40% ┆ 10 mph S               ┆ Mostly Sunny  │
│ -05:00           ┆       ┆          ┆        ┆          ┆                        ┆               │
├╌╌╌╌╌╌╌╌╌╌╌╌╌╌╌╌╌╌┼╌╌╌╌╌╌╌┼╌╌╌╌╌╌╌╌╌╌┼╌╌╌╌╌╌╌╌┼╌╌╌╌╌╌╌╌╌╌┼╌╌╌╌╌╌╌╌╌╌╌╌╌╌╌╌╌╌╌╌╌╌╌╌┼╌╌╌╌╌╌╌╌╌╌╌╌╌╌╌┤
│ 2026-09-04 15:00 ┆ 96 °F ┆    67 °F ┆     2% ┆      39% ┆ 10 mph S               ┆ Mostly Sunny  │
│ -05:00           ┆       ┆          ┆        ┆          ┆                        ┆               │
├╌╌╌╌╌╌╌╌╌╌╌╌╌╌╌╌╌╌┼╌╌╌╌╌╌╌┼╌╌╌╌╌╌╌╌╌╌┼╌╌╌╌╌╌╌╌┼╌╌╌╌╌╌╌╌╌╌┼╌╌╌╌╌╌╌╌╌╌╌╌╌╌╌╌╌╌╌╌╌╌╌╌┼╌╌╌╌╌╌╌╌╌╌╌╌╌╌╌┤
│ 2026-09-04 16:00 ┆ 97 °F ┆    66 °F ┆     2% ┆      37% ┆ 10 mph S               ┆ Mostly Sunny  │
│ -05:00           ┆       ┆          ┆        ┆          ┆                        ┆               │
├╌╌╌╌╌╌╌╌╌╌╌╌╌╌╌╌╌╌┼╌╌╌╌╌╌╌┼╌╌╌╌╌╌╌╌╌╌┼╌╌╌╌╌╌╌╌┼╌╌╌╌╌╌╌╌╌╌┼╌╌╌╌╌╌╌╌╌╌╌╌╌╌╌╌╌╌╌╌╌╌╌╌┼╌╌╌╌╌╌╌╌╌╌╌╌╌╌╌┤
│ 2026-09-04 17:00 ┆ 95 °F ┆    66 °F ┆     2% ┆      39% ┆ 10 mph S               ┆ Sunny         │
│ -05:00           ┆       ┆          ┆        ┆          ┆                        ┆               │
├╌╌╌╌╌╌╌╌╌╌╌╌╌╌╌╌╌╌┼╌╌╌╌╌╌╌┼╌╌╌╌╌╌╌╌╌╌┼╌╌╌╌╌╌╌╌┼╌╌╌╌╌╌╌╌╌╌┼╌╌╌╌╌╌╌╌╌╌╌╌╌╌╌╌╌╌╌╌╌╌╌╌┼╌╌╌╌╌╌╌╌╌╌╌╌╌╌╌┤
│ 2026-09-04 18:00 ┆ 94 °F ┆    66 °F ┆     2% ┆      40% ┆ 10 mph S               ┆ Mostly Clear  │
│ -05:00           ┆       ┆          ┆        ┆          ┆                        ┆               │
├╌╌╌╌╌╌╌╌╌╌╌╌╌╌╌╌╌╌┼╌╌╌╌╌╌╌┼╌╌╌╌╌╌╌╌╌╌┼╌╌╌╌╌╌╌╌┼╌╌╌╌╌╌╌╌╌╌┼╌╌╌╌╌╌╌╌╌╌╌╌╌╌╌╌╌╌╌╌╌╌╌╌┼╌╌╌╌╌╌╌╌╌╌╌╌╌╌╌┤
│ 2026-09-04 19:00 ┆ 92 °F ┆    66 °F ┆     0% ┆      43% ┆ 5 mph S                ┆ Mostly Clear  │
│ -05:00           ┆       ┆          ┆        ┆          ┆                        ┆               │
├╌╌╌╌╌╌╌╌╌╌╌╌╌╌╌╌╌╌┼╌╌╌╌╌╌╌┼╌╌╌╌╌╌╌╌╌╌┼╌╌╌╌╌╌╌╌┼╌╌╌╌╌╌╌╌╌╌┼╌╌╌╌╌╌╌╌╌╌╌╌╌╌╌╌╌╌╌╌╌╌╌╌┼╌╌╌╌╌╌╌╌╌╌╌╌╌╌╌┤
│ 2026-09-04 20:00 ┆ 89 °F ┆    66 °F ┆     0% ┆      47% ┆ 5 mph S                ┆ Partly Cloudy │
│ -05:00           ┆       ┆          ┆        ┆          ┆                        ┆               │
├╌╌╌╌╌╌╌╌╌╌╌╌╌╌╌╌╌╌┼╌╌╌╌╌╌╌┼╌╌╌╌╌╌╌╌╌╌┼╌╌╌╌╌╌╌╌┼╌╌╌╌╌╌╌╌╌╌┼╌╌╌╌╌╌╌╌╌╌╌╌╌╌╌╌╌╌╌╌╌╌╌╌┼╌╌╌╌╌╌╌╌╌╌╌╌╌╌╌┤
│ 2026-09-04 21:00 ┆ 87 °F ┆    66 °F ┆     0% ┆      50% ┆ 5 mph SE               ┆ Partly Cloudy │
│ -05:00           ┆       ┆          ┆        ┆          ┆                        ┆               │
├╌╌╌╌╌╌╌╌╌╌╌╌╌╌╌╌╌╌┼╌╌╌╌╌╌╌┼╌╌╌╌╌╌╌╌╌╌┼╌╌╌╌╌╌╌╌┼╌╌╌╌╌╌╌╌╌╌┼╌╌╌╌╌╌╌╌╌╌╌╌╌╌╌╌╌╌╌╌╌╌╌╌┼╌╌╌╌╌╌╌╌╌╌╌╌╌╌╌┤
│ 2026-09-04 22:00 ┆ 84 °F ┆    66 °F ┆     0% ┆      55% ┆ 5 mph SE               ┆ Partly Cloudy │
│ -05:00           ┆       ┆          ┆        ┆          ┆                        ┆               │
├╌╌╌╌╌╌╌╌╌╌╌╌╌╌╌╌╌╌┼╌╌╌╌╌╌╌┼╌╌╌╌╌╌╌╌╌╌┼╌╌╌╌╌╌╌╌┼╌╌╌╌╌╌╌╌╌╌┼╌╌╌╌╌╌╌╌╌╌╌╌╌╌╌╌╌╌╌╌╌╌╌╌┼╌╌╌╌╌╌╌╌╌╌╌╌╌╌╌┤
│ 2026-09-04 23:00 ┆ 83 °F ┆    66 °F ┆     0% ┆      57% ┆ 5 mph SE               ┆ Partly Cloudy │
│ -05:00           ┆       ┆          ┆        ┆          ┆                        ┆               │
├╌╌╌╌╌╌╌╌╌╌╌╌╌╌╌╌╌╌┼╌╌╌╌╌╌╌┼╌╌╌╌╌╌╌╌╌╌┼╌╌╌╌╌╌╌╌┼╌╌╌╌╌╌╌╌╌╌┼╌╌╌╌╌╌╌╌╌╌╌╌╌╌╌╌╌╌╌╌╌╌╌╌┼╌╌╌╌╌╌╌╌╌╌╌╌╌╌╌┤
│ 2026-09-05 00:00 ┆ 83 °F ┆    66 °F ┆     0% ┆      57% ┆ 10 mph S               ┆ Partly Cloudy │
│ -05:00           ┆       ┆          ┆        ┆          ┆                        ┆               │
├╌╌╌╌╌╌╌╌╌╌╌╌╌╌╌╌╌╌┼╌╌╌╌╌╌╌┼╌╌╌╌╌╌╌╌╌╌┼╌╌╌╌╌╌╌╌┼╌╌╌╌╌╌╌╌╌╌┼╌╌╌╌╌╌╌╌╌╌╌╌╌╌╌╌╌╌╌╌╌╌╌╌┼╌╌╌╌╌╌╌╌╌╌╌╌╌╌╌┤
│ 2026-09-05 01:00 ┆ 82 °F ┆    66 °F ┆     3% ┆      58% ┆ 10 mph S               ┆ Partly Cloudy │
│ -05:00           ┆       ┆          ┆        ┆          ┆                        ┆               │
├╌╌╌╌╌╌╌╌╌╌╌╌╌╌╌╌╌╌┼╌╌╌╌╌╌╌┼╌╌╌╌╌╌╌╌╌╌┼╌╌╌╌╌╌╌╌┼╌╌╌╌╌╌╌╌╌╌┼╌╌╌╌╌╌╌╌╌╌╌╌╌╌╌╌╌╌╌╌╌╌╌╌┼╌╌╌╌╌╌╌╌╌╌╌╌╌╌╌┤
│ 2026-09-05 02:00 ┆ 81 °F ┆    66 °F ┆     3% ┆      60% ┆ 10 mph S               ┆ Partly Cloudy │
│ -05:00           ┆       ┆          ┆        ┆          ┆                        ┆               │
├╌╌╌╌╌╌╌╌╌╌╌╌╌╌╌╌╌╌┼╌╌╌╌╌╌╌┼╌╌╌╌╌╌╌╌╌╌┼╌╌╌╌╌╌╌╌┼╌╌╌╌╌╌╌╌╌╌┼╌╌╌╌╌╌╌╌╌╌╌╌╌╌╌╌╌╌╌╌╌╌╌╌┼╌╌╌╌╌╌╌╌╌╌╌╌╌╌╌┤
│ 2026-09-05 03:00 ┆ 80 °F ┆    65 °F ┆     3% ┆      60% ┆ 5 mph S                ┆ Partly Cloudy │
│ -05:00           ┆       ┆          ┆        ┆          ┆                        ┆               │
├╌╌╌╌╌╌╌╌╌╌╌╌╌╌╌╌╌╌┼╌╌╌╌╌╌╌┼╌╌╌╌╌╌╌╌╌╌┼╌╌╌╌╌╌╌╌┼╌╌╌╌╌╌╌╌╌╌┼╌╌╌╌╌╌╌╌╌╌╌╌╌╌╌╌╌╌╌╌╌╌╌╌┼╌╌╌╌╌╌╌╌╌╌╌╌╌╌╌┤
│ 2026-09-05 04:00 ┆ 79 °F ┆    65 °F ┆     3% ┆      62% ┆ 5 mph S                ┆ Partly Cloudy │
│ -05:00           ┆       ┆          ┆        ┆          ┆                        ┆               │
├╌╌╌╌╌╌╌╌╌╌╌╌╌╌╌╌╌╌┼╌╌╌╌╌╌╌┼╌╌╌╌╌╌╌╌╌╌┼╌╌╌╌╌╌╌╌┼╌╌╌╌╌╌╌╌╌╌┼╌╌╌╌╌╌╌╌╌╌╌╌╌╌╌╌╌╌╌╌╌╌╌╌┼╌╌╌╌╌╌╌╌╌╌╌╌╌╌╌┤
│ 2026-09-05 05:00 ┆ 78 °F ┆    65 °F ┆     3% ┆      64% ┆ 5 mph S                ┆ Partly Cloudy │
│ -05:00           ┆       ┆          ┆        ┆          ┆                        ┆               │
├╌╌╌╌╌╌╌╌╌╌╌╌╌╌╌╌╌╌┼╌╌╌╌╌╌╌┼╌╌╌╌╌╌╌╌╌╌┼╌╌╌╌╌╌╌╌┼╌╌╌╌╌╌╌╌╌╌┼╌╌╌╌╌╌╌╌╌╌╌╌╌╌╌╌╌╌╌╌╌╌╌╌┼╌╌╌╌╌╌╌╌╌╌╌╌╌╌╌┤
│ 2026-09-05 06:00 ┆ 78 °F ┆    65 °F ┆     3% ┆      64% ┆ 5 mph S                ┆ Mostly Sunny  │
│ -05:00           ┆       ┆          ┆        ┆          ┆                        ┆               │
├╌╌╌╌╌╌╌╌╌╌╌╌╌╌╌╌╌╌┼╌╌╌╌╌╌╌┼╌╌╌╌╌╌╌╌╌╌┼╌╌╌╌╌╌╌╌┼╌╌╌╌╌╌╌╌╌╌┼╌╌╌╌╌╌╌╌╌╌╌╌╌╌╌╌╌╌╌╌╌╌╌╌┼╌╌╌╌╌╌╌╌╌╌╌╌╌╌╌┤
│ 2026-09-05 07:00 ┆ 77 °F ┆    65 °F ┆     6% ┆      67% ┆ 5 mph S                ┆ Mostly Sunny  │
│ -05:00           ┆       ┆          ┆        ┆          ┆                        ┆               │
├╌╌╌╌╌╌╌╌╌╌╌╌╌╌╌╌╌╌┼╌╌╌╌╌╌╌┼╌╌╌╌╌╌╌╌╌╌┼╌╌╌╌╌╌╌╌┼╌╌╌╌╌╌╌╌╌╌┼╌╌╌╌╌╌╌╌╌╌╌╌╌╌╌╌╌╌╌╌╌╌╌╌┼╌╌╌╌╌╌╌╌╌╌╌╌╌╌╌┤
│ 2026-09-05 08:00 ┆ 80 °F ┆    66 °F ┆     6% ┆      62% ┆ 5 mph S                ┆ Mostly Sunny  │
│ -05:00           ┆       ┆          ┆        ┆          ┆                        ┆               │
├╌╌╌╌╌╌╌╌╌╌╌╌╌╌╌╌╌╌┼╌╌╌╌╌╌╌┼╌╌╌╌╌╌╌╌╌╌┼╌╌╌╌╌╌╌╌┼╌╌╌╌╌╌╌╌╌╌┼╌╌╌╌╌╌╌╌╌╌╌╌╌╌╌╌╌╌╌╌╌╌╌╌┼╌╌╌╌╌╌╌╌╌╌╌╌╌╌╌┤
│ 2026-09-05 09:00 ┆ 82 °F ┆    66 °F ┆     6% ┆      58% ┆ 5 mph S                ┆ Mostly Sunny  │
│ -05:00           ┆       ┆          ┆        ┆          ┆                        ┆               │
├╌╌╌╌╌╌╌╌╌╌╌╌╌╌╌╌╌╌┼╌╌╌╌╌╌╌┼╌╌╌╌╌╌╌╌╌╌┼╌╌╌╌╌╌╌╌┼╌╌╌╌╌╌╌╌╌╌┼╌╌╌╌╌╌╌╌╌╌╌╌╌╌╌╌╌╌╌╌╌╌╌╌┼╌╌╌╌╌╌╌╌╌╌╌╌╌╌╌┤
│ 2026-09-05 10:00 ┆ 85 °F ┆    67 °F ┆     6% ┆      55% ┆ 10 mph S               ┆ Mostly Sunny  │
│ -05:00           ┆       ┆          ┆        ┆          ┆                        ┆               │
├╌╌╌╌╌╌╌╌╌╌╌╌╌╌╌╌╌╌┼╌╌╌╌╌╌╌┼╌╌╌╌╌╌╌╌╌╌┼╌╌╌╌╌╌╌╌┼╌╌╌╌╌╌╌╌╌╌┼╌╌╌╌╌╌╌╌╌╌╌╌╌╌╌╌╌╌╌╌╌╌╌╌┼╌╌╌╌╌╌╌╌╌╌╌╌╌╌╌┤
│ 2026-09-05 11:00 ┆ 88 °F ┆    67 °F ┆     6% ┆      50% ┆ 10 mph S               ┆ Mostly Sunny  │
│ -05:00           ┆       ┆          ┆        ┆          ┆                        ┆               │
├╌╌╌╌╌╌╌╌╌╌╌╌╌╌╌╌╌╌┼╌╌╌╌╌╌╌┼╌╌╌╌╌╌╌╌╌╌┼╌╌╌╌╌╌╌╌┼╌╌╌╌╌╌╌╌╌╌┼╌╌╌╌╌╌╌╌╌╌╌╌╌╌╌╌╌╌╌╌╌╌╌╌┼╌╌╌╌╌╌╌╌╌╌╌╌╌╌╌┤
│ 2026-09-05 12:00 ┆ 91 °F ┆    67 °F ┆     6% ┆      45% ┆ 10 mph S               ┆ Sunny         │
│ -05:00           ┆       ┆          ┆        ┆          ┆                        ┆               │
├╌╌╌╌╌╌╌╌╌╌╌╌╌╌╌╌╌╌┼╌╌╌╌╌╌╌┼╌╌╌╌╌╌╌╌╌╌┼╌╌╌╌╌╌╌╌┼╌╌╌╌╌╌╌╌╌╌┼╌╌╌╌╌╌╌╌╌╌╌╌╌╌╌╌╌╌╌╌╌╌╌╌┼╌╌╌╌╌╌╌╌╌╌╌╌╌╌╌┤
│ 2026-09-05 13:00 ┆ 94 °F ┆    67 °F ┆     3% ┆      41% ┆ 10 mph S               ┆ Sunny         │
│ -05:00           ┆       ┆          ┆        ┆          ┆                        ┆               │
├╌╌╌╌╌╌╌╌╌╌╌╌╌╌╌╌╌╌┼╌╌╌╌╌╌╌┼╌╌╌╌╌╌╌╌╌╌┼╌╌╌╌╌╌╌╌┼╌╌╌╌╌╌╌╌╌╌┼╌╌╌╌╌╌╌╌╌╌╌╌╌╌╌╌╌╌╌╌╌╌╌╌┼╌╌╌╌╌╌╌╌╌╌╌╌╌╌╌┤
│ 2026-09-05 14:00 ┆ 95 °F ┆    66 °F ┆     3% ┆      39% ┆ 10 mph S               ┆ Sunny         │
│ -05:00           ┆       ┆          ┆        ┆          ┆                        ┆               │
├╌╌╌╌╌╌╌╌╌╌╌╌╌╌╌╌╌╌┼╌╌╌╌╌╌╌┼╌╌╌╌╌╌╌╌╌╌┼╌╌╌╌╌╌╌╌┼╌╌╌╌╌╌╌╌╌╌┼╌╌╌╌╌╌╌╌╌╌╌╌╌╌╌╌╌╌╌╌╌╌╌╌┼╌╌╌╌╌╌╌╌╌╌╌╌╌╌╌┤
│ 2026-09-05 15:00 ┆ 95 °F ┆    65 °F ┆     3% ┆      37% ┆ 5 mph S                ┆ Mostly Sunny  │
│ -05:00           ┆       ┆          ┆        ┆          ┆                        ┆               │
├╌╌╌╌╌╌╌╌╌╌╌╌╌╌╌╌╌╌┼╌╌╌╌╌╌╌┼╌╌╌╌╌╌╌╌╌╌┼╌╌╌╌╌╌╌╌┼╌╌╌╌╌╌╌╌╌╌┼╌╌╌╌╌╌╌╌╌╌╌╌╌╌╌╌╌╌╌╌╌╌╌╌┼╌╌╌╌╌╌╌╌╌╌╌╌╌╌╌┤
│ 2026-09-05 16:00 ┆ 96 °F ┆    65 °F ┆     3% ┆      36% ┆ 5 mph S                ┆ Mostly Sunny  │
│ -05:00           ┆       ┆          ┆        ┆          ┆                        ┆               │
├╌╌╌╌╌╌╌╌╌╌╌╌╌╌╌╌╌╌┼╌╌╌╌╌╌╌┼╌╌╌╌╌╌╌╌╌╌┼╌╌╌╌╌╌╌╌┼╌╌╌╌╌╌╌╌╌╌┼╌╌╌╌╌╌╌╌╌╌╌╌╌╌╌╌╌╌╌╌╌╌╌╌┼╌╌╌╌╌╌╌╌╌╌╌╌╌╌╌┤
│ 2026-09-05 17:00 ┆ 94 °F ┆    65 °F ┆     3% ┆      39% ┆ 5 mph S                ┆ Mostly Sunny  │
│ -05:00           ┆       ┆          ┆        ┆          ┆                        ┆               │
├╌╌╌╌╌╌╌╌╌╌╌╌╌╌╌╌╌╌┼╌╌╌╌╌╌╌┼╌╌╌╌╌╌╌╌╌╌┼╌╌╌╌╌╌╌╌┼╌╌╌╌╌╌╌╌╌╌┼╌╌╌╌╌╌╌╌╌╌╌╌╌╌╌╌╌╌╌╌╌╌╌╌┼╌╌╌╌╌╌╌╌╌╌╌╌╌╌╌┤
│ 2026-09-05 18:00 ┆ 93 °F ┆    66 °F ┆     3% ┆      41% ┆ 5 mph S                ┆ Partly Cloudy │
│ -05:00           ┆       ┆          ┆        ┆          ┆                        ┆               │
├╌╌╌╌╌╌╌╌╌╌╌╌╌╌╌╌╌╌┼╌╌╌╌╌╌╌┼╌╌╌╌╌╌╌╌╌╌┼╌╌╌╌╌╌╌╌┼╌╌╌╌╌╌╌╌╌╌┼╌╌╌╌╌╌╌╌╌╌╌╌╌╌╌╌╌╌╌╌╌╌╌╌┼╌╌╌╌╌╌╌╌╌╌╌╌╌╌╌┤
│ 2026-09-05 19:00 ┆ 91 °F ┆    67 °F ┆     2% ┆      45% ┆ 5 mph S                ┆ Partly Cloudy │
│ -05:00           ┆       ┆          ┆        ┆          ┆                        ┆               │
├╌╌╌╌╌╌╌╌╌╌╌╌╌╌╌╌╌╌┼╌╌╌╌╌╌╌┼╌╌╌╌╌╌╌╌╌╌┼╌╌╌╌╌╌╌╌┼╌╌╌╌╌╌╌╌╌╌┼╌╌╌╌╌╌╌╌╌╌╌╌╌╌╌╌╌╌╌╌╌╌╌╌┼╌╌╌╌╌╌╌╌╌╌╌╌╌╌╌┤
│ 2026-09-05 20:00 ┆ 88 °F ┆    67 °F ┆     2% ┆      50% ┆ 5 mph S                ┆ Partly Cloudy │
│ -05:00           ┆       ┆          ┆        ┆          ┆                        ┆               │
├╌╌╌╌╌╌╌╌╌╌╌╌╌╌╌╌╌╌┼╌╌╌╌╌╌╌┼╌╌╌╌╌╌╌╌╌╌┼╌╌╌╌╌╌╌╌┼╌╌╌╌╌╌╌╌╌╌┼╌╌╌╌╌╌╌╌╌╌╌╌╌╌╌╌╌╌╌╌╌╌╌╌┼╌╌╌╌╌╌╌╌╌╌╌╌╌╌╌┤
│ 2026-09-05 21:00 ┆ 84 °F ┆    66 °F ┆     2% ┆      55% ┆ 5 mph S                ┆ Partly Cloudy │
│ -05:00           ┆       ┆          ┆        ┆          ┆                        ┆               │
├╌╌╌╌╌╌╌╌╌╌╌╌╌╌╌╌╌╌┼╌╌╌╌╌╌╌┼╌╌╌╌╌╌╌╌╌╌┼╌╌╌╌╌╌╌╌┼╌╌╌╌╌╌╌╌╌╌┼╌╌╌╌╌╌╌╌╌╌╌╌╌╌╌╌╌╌╌╌╌╌╌╌┼╌╌╌╌╌╌╌╌╌╌╌╌╌╌╌┤
│ 2026-09-05 22:00 ┆ 82 °F ┆    66 °F ┆     2% ┆      58% ┆ 5 mph S                ┆ Partly Cloudy │
│ -05:00           ┆       ┆          ┆        ┆          ┆                        ┆               │
├╌╌╌╌╌╌╌╌╌╌╌╌╌╌╌╌╌╌┼╌╌╌╌╌╌╌┼╌╌╌╌╌╌╌╌╌╌┼╌╌╌╌╌╌╌╌┼╌╌╌╌╌╌╌╌╌╌┼╌╌╌╌╌╌╌╌╌╌╌╌╌╌╌╌╌╌╌╌╌╌╌╌┼╌╌╌╌╌╌╌╌╌╌╌╌╌╌╌┤
│ 2026-09-05 23:00 ┆ 81 °F ┆    66 °F ┆     2% ┆      60% ┆ 5 mph S                ┆ Partly Cloudy │
│ -05:00           ┆       ┆          ┆        ┆          ┆                        ┆               │
├╌╌╌╌╌╌╌╌╌╌╌╌╌╌╌╌╌╌┼╌╌╌╌╌╌╌┼╌╌╌╌╌╌╌╌╌╌┼╌╌╌╌╌╌╌╌┼╌╌╌╌╌╌╌╌╌╌┼╌╌╌╌╌╌╌╌╌╌╌╌╌╌╌╌╌╌╌╌╌╌╌╌┼╌╌╌╌╌╌╌╌╌╌╌╌╌╌╌┤
│ 2026-09-06 00:00 ┆ 80 °F ┆    65 °F ┆     2% ┆      60% ┆ 5 mph S                ┆ Partly Cloudy │
│ -05:00           ┆       ┆          ┆        ┆          ┆                        ┆               │
├╌╌╌╌╌╌╌╌╌╌╌╌╌╌╌╌╌╌┼╌╌╌╌╌╌╌┼╌╌╌╌╌╌╌╌╌╌┼╌╌╌╌╌╌╌╌┼╌╌╌╌╌╌╌╌╌╌┼╌╌╌╌╌╌╌╌╌╌╌╌╌╌╌╌╌╌╌╌╌╌╌╌┼╌╌╌╌╌╌╌╌╌╌╌╌╌╌╌┤
│ 2026-09-06 01:00 ┆ 79 °F ┆    65 °F ┆     9% ┆      62% ┆ 5 mph S                ┆ Partly Cloudy │
│ -05:00           ┆       ┆          ┆        ┆          ┆                        ┆               │
├╌╌╌╌╌╌╌╌╌╌╌╌╌╌╌╌╌╌┼╌╌╌╌╌╌╌┼╌╌╌╌╌╌╌╌╌╌┼╌╌╌╌╌╌╌╌┼╌╌╌╌╌╌╌╌╌╌┼╌╌╌╌╌╌╌╌╌╌╌╌╌╌╌╌╌╌╌╌╌╌╌╌┼╌╌╌╌╌╌╌╌╌╌╌╌╌╌╌┤
│ 2026-09-06 02:00 ┆ 78 °F ┆    65 °F ┆     9% ┆      64% ┆ 5 mph S                ┆ Partly Cloudy │
│ -05:00           ┆       ┆          ┆        ┆          ┆                        ┆               │
├╌╌╌╌╌╌╌╌╌╌╌╌╌╌╌╌╌╌┼╌╌╌╌╌╌╌┼╌╌╌╌╌╌╌╌╌╌┼╌╌╌╌╌╌╌╌┼╌╌╌╌╌╌╌╌╌╌┼╌╌╌╌╌╌╌╌╌╌╌╌╌╌╌╌╌╌╌╌╌╌╌╌┼╌╌╌╌╌╌╌╌╌╌╌╌╌╌╌┤
│ 2026-09-06 03:00 ┆ 77 °F ┆    65 °F ┆     9% ┆      67% ┆ 5 mph S                ┆ Partly Cloudy │
│ -05:00           ┆       ┆          ┆        ┆          ┆                        ┆               │
├╌╌╌╌╌╌╌╌╌╌╌╌╌╌╌╌╌╌┼╌╌╌╌╌╌╌┼╌╌╌╌╌╌╌╌╌╌┼╌╌╌╌╌╌╌╌┼╌╌╌╌╌╌╌╌╌╌┼╌╌╌╌╌╌╌╌╌╌╌╌╌╌╌╌╌╌╌╌╌╌╌╌┼╌╌╌╌╌╌╌╌╌╌╌╌╌╌╌┤
│ 2026-09-06 04:00 ┆ 76 °F ┆    65 °F ┆     9% ┆      69% ┆ 5 mph S                ┆ Partly Cloudy │
│ -05:00           ┆       ┆          ┆        ┆          ┆                        ┆               │
├╌╌╌╌╌╌╌╌╌╌╌╌╌╌╌╌╌╌┼╌╌╌╌╌╌╌┼╌╌╌╌╌╌╌╌╌╌┼╌╌╌╌╌╌╌╌┼╌╌╌╌╌╌╌╌╌╌┼╌╌╌╌╌╌╌╌╌╌╌╌╌╌╌╌╌╌╌╌╌╌╌╌┼╌╌╌╌╌╌╌╌╌╌╌╌╌╌╌┤
│ 2026-09-06 05:00 ┆ 75 °F ┆    65 °F ┆     9% ┆      71% ┆ 5 mph S                ┆ Partly Cloudy │
│ -05:00           ┆       ┆          ┆        ┆          ┆                        ┆               │
├╌╌╌╌╌╌╌╌╌╌╌╌╌╌╌╌╌╌┼╌╌╌╌╌╌╌┼╌╌╌╌╌╌╌╌╌╌┼╌╌╌╌╌╌╌╌┼╌╌╌╌╌╌╌╌╌╌┼╌╌╌╌╌╌╌╌╌╌╌╌╌╌╌╌╌╌╌╌╌╌╌╌┼╌╌╌╌╌╌╌╌╌╌╌╌╌╌╌┤
│ 2026-09-06 06:00 ┆ 75 °F ┆    64 °F ┆     9% ┆      69% ┆ 5 mph S                ┆ Mostly Sunny  │
│ -05:00           ┆       ┆          ┆        ┆          ┆                        ┆               │
├╌╌╌╌╌╌╌╌╌╌╌╌╌╌╌╌╌╌┼╌╌╌╌╌╌╌┼╌╌╌╌╌╌╌╌╌╌┼╌╌╌╌╌╌╌╌┼╌╌╌╌╌╌╌╌╌╌┼╌╌╌╌╌╌╌╌╌╌╌╌╌╌╌╌╌╌╌╌╌╌╌╌┼╌╌╌╌╌╌╌╌╌╌╌╌╌╌╌┤
│ 2026-09-06 07:00 ┆ 75 °F ┆    64 °F ┆    15% ┆      69% ┆ 5 mph S                ┆ Slight Chance │
│ -05:00           ┆       ┆          ┆        ┆          ┆                        ┆ Rain Showers  │
├╌╌╌╌╌╌╌╌╌╌╌╌╌╌╌╌╌╌┼╌╌╌╌╌╌╌┼╌╌╌╌╌╌╌╌╌╌┼╌╌╌╌╌╌╌╌┼╌╌╌╌╌╌╌╌╌╌┼╌╌╌╌╌╌╌╌╌╌╌╌╌╌╌╌╌╌╌╌╌╌╌╌┼╌╌╌╌╌╌╌╌╌╌╌╌╌╌╌┤
│ 2026-09-06 08:00 ┆ 77 °F ┆    65 °F ┆    15% ┆      67% ┆ 5 mph S                ┆ Slight Chance │
│ -05:00           ┆       ┆          ┆        ┆          ┆                        ┆ Rain Showers  │
├╌╌╌╌╌╌╌╌╌╌╌╌╌╌╌╌╌╌┼╌╌╌╌╌╌╌┼╌╌╌╌╌╌╌╌╌╌┼╌╌╌╌╌╌╌╌┼╌╌╌╌╌╌╌╌╌╌┼╌╌╌╌╌╌╌╌╌╌╌╌╌╌╌╌╌╌╌╌╌╌╌╌┼╌╌╌╌╌╌╌╌╌╌╌╌╌╌╌┤
│ 2026-09-06 09:00 ┆ 80 °F ┆    65 °F ┆    15% ┆      60% ┆ 5 mph S                ┆ Slight Chance │
│ -05:00           ┆       ┆          ┆        ┆          ┆                        ┆ Rain Showers  │
├╌╌╌╌╌╌╌╌╌╌╌╌╌╌╌╌╌╌┼╌╌╌╌╌╌╌┼╌╌╌╌╌╌╌╌╌╌┼╌╌╌╌╌╌╌╌┼╌╌╌╌╌╌╌╌╌╌┼╌╌╌╌╌╌╌╌╌╌╌╌╌╌╌╌╌╌╌╌╌╌╌╌┼╌╌╌╌╌╌╌╌╌╌╌╌╌╌╌┤
│ 2026-09-06 10:00 ┆ 83 °F ┆    66 °F ┆    15% ┆      57% ┆ 5 mph S                ┆ Slight Chance │
│ -05:00           ┆       ┆          ┆        ┆          ┆                        ┆ Rain Showers  │
├╌╌╌╌╌╌╌╌╌╌╌╌╌╌╌╌╌╌┼╌╌╌╌╌╌╌┼╌╌╌╌╌╌╌╌╌╌┼╌╌╌╌╌╌╌╌┼╌╌╌╌╌╌╌╌╌╌┼╌╌╌╌╌╌╌╌╌╌╌╌╌╌╌╌╌╌╌╌╌╌╌╌┼╌╌╌╌╌╌╌╌╌╌╌╌╌╌╌┤
│ 2026-09-06 11:00 ┆ 86 °F ┆    66 °F ┆    15% ┆      51% ┆ 5 mph S                ┆ Slight Chance │
│ -05:00           ┆       ┆          ┆        ┆          ┆                        ┆ Rain Showers  │
├╌╌╌╌╌╌╌╌╌╌╌╌╌╌╌╌╌╌┼╌╌╌╌╌╌╌┼╌╌╌╌╌╌╌╌╌╌┼╌╌╌╌╌╌╌╌┼╌╌╌╌╌╌╌╌╌╌┼╌╌╌╌╌╌╌╌╌╌╌╌╌╌╌╌╌╌╌╌╌╌╌╌┼╌╌╌╌╌╌╌╌╌╌╌╌╌╌╌┤
│ 2026-09-06 12:00 ┆ 90 °F ┆    65 °F ┆    15% ┆      44% ┆ 5 mph S                ┆ Slight Chance │
│ -05:00           ┆       ┆          ┆        ┆          ┆                        ┆ Rain Showers  │
├╌╌╌╌╌╌╌╌╌╌╌╌╌╌╌╌╌╌┼╌╌╌╌╌╌╌┼╌╌╌╌╌╌╌╌╌╌┼╌╌╌╌╌╌╌╌┼╌╌╌╌╌╌╌╌╌╌┼╌╌╌╌╌╌╌╌╌╌╌╌╌╌╌╌╌╌╌╌╌╌╌╌┼╌╌╌╌╌╌╌╌╌╌╌╌╌╌╌┤
│ 2026-09-06 13:00 ┆ 92 °F ┆    65 °F ┆     9% ┆      41% ┆ 5 mph S                ┆ Mostly Sunny  │
│ -05:00           ┆       ┆          ┆        ┆          ┆                        ┆               │
├╌╌╌╌╌╌╌╌╌╌╌╌╌╌╌╌╌╌┼╌╌╌╌╌╌╌┼╌╌╌╌╌╌╌╌╌╌┼╌╌╌╌╌╌╌╌┼╌╌╌╌╌╌╌╌╌╌┼╌╌╌╌╌╌╌╌╌╌╌╌╌╌╌╌╌╌╌╌╌╌╌╌┼╌╌╌╌╌╌╌╌╌╌╌╌╌╌╌┤
│ 2026-09-06 14:00 ┆ 93 °F ┆    65 °F ┆     9% ┆      40% ┆ 5 mph S                ┆ Mostly Sunny  │
│ -05:00           ┆       ┆          ┆        ┆          ┆                        ┆               │
├╌╌╌╌╌╌╌╌╌╌╌╌╌╌╌╌╌╌┼╌╌╌╌╌╌╌┼╌╌╌╌╌╌╌╌╌╌┼╌╌╌╌╌╌╌╌┼╌╌╌╌╌╌╌╌╌╌┼╌╌╌╌╌╌╌╌╌╌╌╌╌╌╌╌╌╌╌╌╌╌╌╌┼╌╌╌╌╌╌╌╌╌╌╌╌╌╌╌┤
│ 2026-09-06 15:00 ┆ 94 °F ┆    65 °F ┆     9% ┆      39% ┆ 5 mph S                ┆ Mostly Sunny  │
│ -05:00           ┆       ┆          ┆        ┆          ┆                        ┆               │
├╌╌╌╌╌╌╌╌╌╌╌╌╌╌╌╌╌╌┼╌╌╌╌╌╌╌┼╌╌╌╌╌╌╌╌╌╌┼╌╌╌╌╌╌╌╌┼╌╌╌╌╌╌╌╌╌╌┼╌╌╌╌╌╌╌╌╌╌╌╌╌╌╌╌╌╌╌╌╌╌╌╌┼╌╌╌╌╌╌╌╌╌╌╌╌╌╌╌┤
│ 2026-09-06 16:00 ┆ 93 °F ┆    65 °F ┆     9% ┆      40% ┆ 5 mph S                ┆ Mostly Sunny  │
│ -05:00           ┆       ┆          ┆        ┆          ┆                        ┆               │
├╌╌╌╌╌╌╌╌╌╌╌╌╌╌╌╌╌╌┼╌╌╌╌╌╌╌┼╌╌╌╌╌╌╌╌╌╌┼╌╌╌╌╌╌╌╌┼╌╌╌╌╌╌╌╌╌╌┼╌╌╌╌╌╌╌╌╌╌╌╌╌╌╌╌╌╌╌╌╌╌╌╌┼╌╌╌╌╌╌╌╌╌╌╌╌╌╌╌┤
│ 2026-09-06 17:00 ┆ 92 °F ┆    66 °F ┆     9% ┆      43% ┆ 5 mph S                ┆ Mostly Sunny  │
│ -05:00           ┆       ┆          ┆        ┆          ┆                        ┆               │
├╌╌╌╌╌╌╌╌╌╌╌╌╌╌╌╌╌╌┼╌╌╌╌╌╌╌┼╌╌╌╌╌╌╌╌╌╌┼╌╌╌╌╌╌╌╌┼╌╌╌╌╌╌╌╌╌╌┼╌╌╌╌╌╌╌╌╌╌╌╌╌╌╌╌╌╌╌╌╌╌╌╌┼╌╌╌╌╌╌╌╌╌╌╌╌╌╌╌┤
│ 2026-09-06 18:00 ┆ 90 °F ┆    66 °F ┆     9% ┆      45% ┆ 5 mph S                ┆ Partly Cloudy │
│ -05:00           ┆       ┆          ┆        ┆          ┆                        ┆               │
├╌╌╌╌╌╌╌╌╌╌╌╌╌╌╌╌╌╌┼╌╌╌╌╌╌╌┼╌╌╌╌╌╌╌╌╌╌┼╌╌╌╌╌╌╌╌┼╌╌╌╌╌╌╌╌╌╌┼╌╌╌╌╌╌╌╌╌╌╌╌╌╌╌╌╌╌╌╌╌╌╌╌┼╌╌╌╌╌╌╌╌╌╌╌╌╌╌╌┤
│ 2026-09-06 19:00 ┆ 88 °F ┆    67 °F ┆     6% ┆      50% ┆ 5 mph SE               ┆ Partly Cloudy │
│ -05:00           ┆       ┆          ┆        ┆          ┆                        ┆               │
├╌╌╌╌╌╌╌╌╌╌╌╌╌╌╌╌╌╌┼╌╌╌╌╌╌╌┼╌╌╌╌╌╌╌╌╌╌┼╌╌╌╌╌╌╌╌┼╌╌╌╌╌╌╌╌╌╌┼╌╌╌╌╌╌╌╌╌╌╌╌╌╌╌╌╌╌╌╌╌╌╌╌┼╌╌╌╌╌╌╌╌╌╌╌╌╌╌╌┤
│ 2026-09-06 20:00 ┆ 85 °F ┆    67 °F ┆     6% ┆      55% ┆ 5 mph SE               ┆ Partly Cloudy │
│ -05:00           ┆       ┆          ┆        ┆          ┆                        ┆               │
├╌╌╌╌╌╌╌╌╌╌╌╌╌╌╌╌╌╌┼╌╌╌╌╌╌╌┼╌╌╌╌╌╌╌╌╌╌┼╌╌╌╌╌╌╌╌┼╌╌╌╌╌╌╌╌╌╌┼╌╌╌╌╌╌╌╌╌╌╌╌╌╌╌╌╌╌╌╌╌╌╌╌┼╌╌╌╌╌╌╌╌╌╌╌╌╌╌╌┤
│ 2026-09-06 21:00 ┆ 82 °F ┆    67 °F ┆     6% ┆      61% ┆ 5 mph SE               ┆ Partly Cloudy │
│ -05:00           ┆       ┆          ┆        ┆          ┆                        ┆               │
├╌╌╌╌╌╌╌╌╌╌╌╌╌╌╌╌╌╌┼╌╌╌╌╌╌╌┼╌╌╌╌╌╌╌╌╌╌┼╌╌╌╌╌╌╌╌┼╌╌╌╌╌╌╌╌╌╌┼╌╌╌╌╌╌╌╌╌╌╌╌╌╌╌╌╌╌╌╌╌╌╌╌┼╌╌╌╌╌╌╌╌╌╌╌╌╌╌╌┤
│ 2026-09-06 22:00 ┆ 80 °F ┆    67 °F ┆     6% ┆      65% ┆ 5 mph SE               ┆ Partly Cloudy │
│ -05:00           ┆       ┆          ┆        ┆          ┆                        ┆               │
├╌╌╌╌╌╌╌╌╌╌╌╌╌╌╌╌╌╌┼╌╌╌╌╌╌╌┼╌╌╌╌╌╌╌╌╌╌┼╌╌╌╌╌╌╌╌┼╌╌╌╌╌╌╌╌╌╌┼╌╌╌╌╌╌╌╌╌╌╌╌╌╌╌╌╌╌╌╌╌╌╌╌┼╌╌╌╌╌╌╌╌╌╌╌╌╌╌╌┤
│ 2026-09-06 23:00 ┆ 79 °F ┆    67 °F ┆     6% ┆      67% ┆ 5 mph SE               ┆ Partly Cloudy │
│ -05:00           ┆       ┆          ┆        ┆          ┆                        ┆               │
├╌╌╌╌╌╌╌╌╌╌╌╌╌╌╌╌╌╌┼╌╌╌╌╌╌╌┼╌╌╌╌╌╌╌╌╌╌┼╌╌╌╌╌╌╌╌┼╌╌╌╌╌╌╌╌╌╌┼╌╌╌╌╌╌╌╌╌╌╌╌╌╌╌╌╌╌╌╌╌╌╌╌┼╌╌╌╌╌╌╌╌╌╌╌╌╌╌╌┤
│ 2026-09-07 00:00 ┆ 78 °F ┆    66 °F ┆     6% ┆      67% ┆ 5 mph SE               ┆ Partly Cloudy │
│ -05:00           ┆       ┆          ┆        ┆          ┆                        ┆               │
├╌╌╌╌╌╌╌╌╌╌╌╌╌╌╌╌╌╌┼╌╌╌╌╌╌╌┼╌╌╌╌╌╌╌╌╌╌┼╌╌╌╌╌╌╌╌┼╌╌╌╌╌╌╌╌╌╌┼╌╌╌╌╌╌╌╌╌╌╌╌╌╌╌╌╌╌╌╌╌╌╌╌┼╌╌╌╌╌╌╌╌╌╌╌╌╌╌╌┤
│ 2026-09-07 01:00 ┆ 77 °F ┆    66 °F ┆    15% ┆      69% ┆ 5 mph SE               ┆ Slight Chance │
│ -05:00           ┆       ┆          ┆        ┆          ┆                        ┆ Showers And   │
│                  ┆       ┆          ┆        ┆          ┆                        ┆ Thunderstorms │
├╌╌╌╌╌╌╌╌╌╌╌╌╌╌╌╌╌╌┼╌╌╌╌╌╌╌┼╌╌╌╌╌╌╌╌╌╌┼╌╌╌╌╌╌╌╌┼╌╌╌╌╌╌╌╌╌╌┼╌╌╌╌╌╌╌╌╌╌╌╌╌╌╌╌╌╌╌╌╌╌╌╌┼╌╌╌╌╌╌╌╌╌╌╌╌╌╌╌┤
│ 2026-09-07 02:00 ┆ 76 °F ┆    66 °F ┆    15% ┆      71% ┆ 5 mph SE               ┆ Slight Chance │
│ -05:00           ┆       ┆          ┆        ┆          ┆                        ┆ Showers And   │
│                  ┆       ┆          ┆        ┆          ┆                        ┆ Thunderstorms │
├╌╌╌╌╌╌╌╌╌╌╌╌╌╌╌╌╌╌┼╌╌╌╌╌╌╌┼╌╌╌╌╌╌╌╌╌╌┼╌╌╌╌╌╌╌╌┼╌╌╌╌╌╌╌╌╌╌┼╌╌╌╌╌╌╌╌╌╌╌╌╌╌╌╌╌╌╌╌╌╌╌╌┼╌╌╌╌╌╌╌╌╌╌╌╌╌╌╌┤
│ 2026-09-07 03:00 ┆ 75 °F ┆    66 °F ┆    15% ┆      74% ┆ 5 mph SE               ┆ Slight Chance │
│ -05:00           ┆       ┆          ┆        ┆          ┆                        ┆ Showers And   │
│                  ┆       ┆          ┆        ┆          ┆                        ┆ Thunderstorms │
├╌╌╌╌╌╌╌╌╌╌╌╌╌╌╌╌╌╌┼╌╌╌╌╌╌╌┼╌╌╌╌╌╌╌╌╌╌┼╌╌╌╌╌╌╌╌┼╌╌╌╌╌╌╌╌╌╌┼╌╌╌╌╌╌╌╌╌╌╌╌╌╌╌╌╌╌╌╌╌╌╌╌┼╌╌╌╌╌╌╌╌╌╌╌╌╌╌╌┤
│ 2026-09-07 04:00 ┆ 74 °F ┆    66 °F ┆    15% ┆      76% ┆ 5 mph SE               ┆ Slight Chance │
│ -05:00           ┆       ┆          ┆        ┆          ┆                        ┆ Showers And   │
│                  ┆       ┆          ┆        ┆          ┆                        ┆ Thunderstorms │
├╌╌╌╌╌╌╌╌╌╌╌╌╌╌╌╌╌╌┼╌╌╌╌╌╌╌┼╌╌╌╌╌╌╌╌╌╌┼╌╌╌╌╌╌╌╌┼╌╌╌╌╌╌╌╌╌╌┼╌╌╌╌╌╌╌╌╌╌╌╌╌╌╌╌╌╌╌╌╌╌╌╌┼╌╌╌╌╌╌╌╌╌╌╌╌╌╌╌┤
│ 2026-09-07 05:00 ┆ 73 °F ┆    66 °F ┆    15% ┆      79% ┆ 5 mph SE               ┆ Slight Chance │
│ -05:00           ┆       ┆          ┆        ┆          ┆                        ┆ Showers And   │
│                  ┆       ┆          ┆        ┆          ┆                        ┆ Thunderstorms │
├╌╌╌╌╌╌╌╌╌╌╌╌╌╌╌╌╌╌┼╌╌╌╌╌╌╌┼╌╌╌╌╌╌╌╌╌╌┼╌╌╌╌╌╌╌╌┼╌╌╌╌╌╌╌╌╌╌┼╌╌╌╌╌╌╌╌╌╌╌╌╌╌╌╌╌╌╌╌╌╌╌╌┼╌╌╌╌╌╌╌╌╌╌╌╌╌╌╌┤
│ 2026-09-07 06:00 ┆ 73 °F ┆    65 °F ┆    15% ┆      76% ┆ 5 mph SE               ┆ Slight Chance │
│ -05:00           ┆       ┆          ┆        ┆          ┆                        ┆ Showers And   │
│                  ┆       ┆          ┆        ┆          ┆                        ┆ Thunderstorms │
├╌╌╌╌╌╌╌╌╌╌╌╌╌╌╌╌╌╌┼╌╌╌╌╌╌╌┼╌╌╌╌╌╌╌╌╌╌┼╌╌╌╌╌╌╌╌┼╌╌╌╌╌╌╌╌╌╌┼╌╌╌╌╌╌╌╌╌╌╌╌╌╌╌╌╌╌╌╌╌╌╌╌┼╌╌╌╌╌╌╌╌╌╌╌╌╌╌╌┤
│ 2026-09-07 07:00 ┆ 73 °F ┆    65 °F ┆    13% ┆      76% ┆ 5 mph SE               ┆ Partly Sunny  │
│ -05:00           ┆       ┆          ┆        ┆          ┆                        ┆               │
├╌╌╌╌╌╌╌╌╌╌╌╌╌╌╌╌╌╌┼╌╌╌╌╌╌╌┼╌╌╌╌╌╌╌╌╌╌┼╌╌╌╌╌╌╌╌┼╌╌╌╌╌╌╌╌╌╌┼╌╌╌╌╌╌╌╌╌╌╌╌╌╌╌╌╌╌╌╌╌╌╌╌┼╌╌╌╌╌╌╌╌╌╌╌╌╌╌╌┤
│ 2026-09-07 08:00 ┆ 75 °F ┆    65 °F ┆    13% ┆      71% ┆ 5 mph SE               ┆ Partly Sunny  │
│ -05:00           ┆       ┆          ┆        ┆          ┆                        ┆               │
├╌╌╌╌╌╌╌╌╌╌╌╌╌╌╌╌╌╌┼╌╌╌╌╌╌╌┼╌╌╌╌╌╌╌╌╌╌┼╌╌╌╌╌╌╌╌┼╌╌╌╌╌╌╌╌╌╌┼╌╌╌╌╌╌╌╌╌╌╌╌╌╌╌╌╌╌╌╌╌╌╌╌┼╌╌╌╌╌╌╌╌╌╌╌╌╌╌╌┤
│ 2026-09-07 09:00 ┆ 77 °F ┆    66 °F ┆    13% ┆      69% ┆ 5 mph SE               ┆ Partly Sunny  │
│ -05:00           ┆       ┆          ┆        ┆          ┆                        ┆               │
├╌╌╌╌╌╌╌╌╌╌╌╌╌╌╌╌╌╌┼╌╌╌╌╌╌╌┼╌╌╌╌╌╌╌╌╌╌┼╌╌╌╌╌╌╌╌┼╌╌╌╌╌╌╌╌╌╌┼╌╌╌╌╌╌╌╌╌╌╌╌╌╌╌╌╌╌╌╌╌╌╌╌┼╌╌╌╌╌╌╌╌╌╌╌╌╌╌╌┤
│ 2026-09-07 10:00 ┆ 80 °F ┆    66 °F ┆    13% ┆      62% ┆ 10 mph S               ┆ Partly Sunny  │
│ -05:00           ┆       ┆          ┆        ┆          ┆                        ┆               │
├╌╌╌╌╌╌╌╌╌╌╌╌╌╌╌╌╌╌┼╌╌╌╌╌╌╌┼╌╌╌╌╌╌╌╌╌╌┼╌╌╌╌╌╌╌╌┼╌╌╌╌╌╌╌╌╌╌┼╌╌╌╌╌╌╌╌╌╌╌╌╌╌╌╌╌╌╌╌╌╌╌╌┼╌╌╌╌╌╌╌╌╌╌╌╌╌╌╌┤
│ 2026-09-07 11:00 ┆ 83 °F ┆    66 °F ┆    13% ┆      57% ┆ 10 mph S               ┆ Partly Sunny  │
│ -05:00           ┆       ┆          ┆        ┆          ┆                        ┆               │
├╌╌╌╌╌╌╌╌╌╌╌╌╌╌╌╌╌╌┼╌╌╌╌╌╌╌┼╌╌╌╌╌╌╌╌╌╌┼╌╌╌╌╌╌╌╌┼╌╌╌╌╌╌╌╌╌╌┼╌╌╌╌╌╌╌╌╌╌╌╌╌╌╌╌╌╌╌╌╌╌╌╌┼╌╌╌╌╌╌╌╌╌╌╌╌╌╌╌┤
│ 2026-09-07 12:00 ┆ 86 °F ┆    65 °F ┆    13% ┆      50% ┆ 10 mph S               ┆ Partly Sunny  │
│ -05:00           ┆       ┆          ┆        ┆          ┆                        ┆               │
├╌╌╌╌╌╌╌╌╌╌╌╌╌╌╌╌╌╌┼╌╌╌╌╌╌╌┼╌╌╌╌╌╌╌╌╌╌┼╌╌╌╌╌╌╌╌┼╌╌╌╌╌╌╌╌╌╌┼╌╌╌╌╌╌╌╌╌╌╌╌╌╌╌╌╌╌╌╌╌╌╌╌┼╌╌╌╌╌╌╌╌╌╌╌╌╌╌╌┤
│ 2026-09-07 13:00 ┆ 89 °F ┆    65 °F ┆     6% ┆      45% ┆ 10 mph S               ┆ Mostly Sunny  │
│ -05:00           ┆       ┆          ┆        ┆          ┆                        ┆               │
├╌╌╌╌╌╌╌╌╌╌╌╌╌╌╌╌╌╌┼╌╌╌╌╌╌╌┼╌╌╌╌╌╌╌╌╌╌┼╌╌╌╌╌╌╌╌┼╌╌╌╌╌╌╌╌╌╌┼╌╌╌╌╌╌╌╌╌╌╌╌╌╌╌╌╌╌╌╌╌╌╌╌┼╌╌╌╌╌╌╌╌╌╌╌╌╌╌╌┤
│ 2026-09-07 14:00 ┆ 91 °F ┆    65 °F ┆     6% ┆      42% ┆ 10 mph S               ┆ Mostly Sunny  │
│ -05:00           ┆       ┆          ┆        ┆          ┆                        ┆               │
├╌╌╌╌╌╌╌╌╌╌╌╌╌╌╌╌╌╌┼╌╌╌╌╌╌╌┼╌╌╌╌╌╌╌╌╌╌┼╌╌╌╌╌╌╌╌┼╌╌╌╌╌╌╌╌╌╌┼╌╌╌╌╌╌╌╌╌╌╌╌╌╌╌╌╌╌╌╌╌╌╌╌┼╌╌╌╌╌╌╌╌╌╌╌╌╌╌╌┤
│ 2026-09-07 15:00 ┆ 91 °F ┆    65 °F ┆     6% ┆      42% ┆ 10 mph S               ┆ Mostly Sunny  │
│ -05:00           ┆       ┆          ┆        ┆          ┆                        ┆               │
├╌╌╌╌╌╌╌╌╌╌╌╌╌╌╌╌╌╌┼╌╌╌╌╌╌╌┼╌╌╌╌╌╌╌╌╌╌┼╌╌╌╌╌╌╌╌┼╌╌╌╌╌╌╌╌╌╌┼╌╌╌╌╌╌╌╌╌╌╌╌╌╌╌╌╌╌╌╌╌╌╌╌┼╌╌╌╌╌╌╌╌╌╌╌╌╌╌╌┤
│ 2026-09-07 16:00 ┆ 91 °F ┆    65 °F ┆     6% ┆      42% ┆ 10 mph S               ┆ Mostly Sunny  │
│ -05:00           ┆       ┆          ┆        ┆          ┆                        ┆               │
├╌╌╌╌╌╌╌╌╌╌╌╌╌╌╌╌╌╌┼╌╌╌╌╌╌╌┼╌╌╌╌╌╌╌╌╌╌┼╌╌╌╌╌╌╌╌┼╌╌╌╌╌╌╌╌╌╌┼╌╌╌╌╌╌╌╌╌╌╌╌╌╌╌╌╌╌╌╌╌╌╌╌┼╌╌╌╌╌╌╌╌╌╌╌╌╌╌╌┤
│ 2026-09-07 17:00 ┆ 90 °F ┆    65 °F ┆     6% ┆      44% ┆ 10 mph S               ┆ Mostly Sunny  │
│ -05:00           ┆       ┆          ┆        ┆          ┆                        ┆               │
├╌╌╌╌╌╌╌╌╌╌╌╌╌╌╌╌╌╌┼╌╌╌╌╌╌╌┼╌╌╌╌╌╌╌╌╌╌┼╌╌╌╌╌╌╌╌┼╌╌╌╌╌╌╌╌╌╌┼╌╌╌╌╌╌╌╌╌╌╌╌╌╌╌╌╌╌╌╌╌╌╌╌┼╌╌╌╌╌╌╌╌╌╌╌╌╌╌╌┤
│ 2026-09-07 18:00 ┆ 89 °F ┆    66 °F ┆     6% ┆      47% ┆ 10 mph S               ┆ Partly Cloudy │
│ -05:00           ┆       ┆          ┆        ┆          ┆                        ┆               │
├╌╌╌╌╌╌╌╌╌╌╌╌╌╌╌╌╌╌┼╌╌╌╌╌╌╌┼╌╌╌╌╌╌╌╌╌╌┼╌╌╌╌╌╌╌╌┼╌╌╌╌╌╌╌╌╌╌┼╌╌╌╌╌╌╌╌╌╌╌╌╌╌╌╌╌╌╌╌╌╌╌╌┼╌╌╌╌╌╌╌╌╌╌╌╌╌╌╌┤
│ 2026-09-07 19:00 ┆ 87 °F ┆    66 °F ┆    11% ┆      50% ┆ 10 mph SE              ┆ Mostly Clear  │
│ -05:00           ┆       ┆          ┆        ┆          ┆                        ┆               │
├╌╌╌╌╌╌╌╌╌╌╌╌╌╌╌╌╌╌┼╌╌╌╌╌╌╌┼╌╌╌╌╌╌╌╌╌╌┼╌╌╌╌╌╌╌╌┼╌╌╌╌╌╌╌╌╌╌┼╌╌╌╌╌╌╌╌╌╌╌╌╌╌╌╌╌╌╌╌╌╌╌╌┼╌╌╌╌╌╌╌╌╌╌╌╌╌╌╌┤
│ 2026-09-07 20:00 ┆ 84 °F ┆    66 °F ┆    11% ┆      55% ┆ 10 mph SE              ┆ Mostly Clear  │
│ -05:00           ┆       ┆          ┆        ┆          ┆                        ┆               │
├╌╌╌╌╌╌╌╌╌╌╌╌╌╌╌╌╌╌┼╌╌╌╌╌╌╌┼╌╌╌╌╌╌╌╌╌╌┼╌╌╌╌╌╌╌╌┼╌╌╌╌╌╌╌╌╌╌┼╌╌╌╌╌╌╌╌╌╌╌╌╌╌╌╌╌╌╌╌╌╌╌╌┼╌╌╌╌╌╌╌╌╌╌╌╌╌╌╌┤
│ 2026-09-07 21:00 ┆ 81 °F ┆    66 °F ┆    11% ┆      60% ┆ 10 mph SE              ┆ Mostly Clear  │
│ -05:00           ┆       ┆          ┆        ┆          ┆                        ┆               │
├╌╌╌╌╌╌╌╌╌╌╌╌╌╌╌╌╌╌┼╌╌╌╌╌╌╌┼╌╌╌╌╌╌╌╌╌╌┼╌╌╌╌╌╌╌╌┼╌╌╌╌╌╌╌╌╌╌┼╌╌╌╌╌╌╌╌╌╌╌╌╌╌╌╌╌╌╌╌╌╌╌╌┼╌╌╌╌╌╌╌╌╌╌╌╌╌╌╌┤
│ 2026-09-07 22:00 ┆ 79 °F ┆    66 °F ┆    11% ┆      64% ┆ 10 mph SE              ┆ Mostly Clear  │
│ -05:00           ┆       ┆          ┆        ┆          ┆                        ┆               │
├╌╌╌╌╌╌╌╌╌╌╌╌╌╌╌╌╌╌┼╌╌╌╌╌╌╌┼╌╌╌╌╌╌╌╌╌╌┼╌╌╌╌╌╌╌╌┼╌╌╌╌╌╌╌╌╌╌┼╌╌╌╌╌╌╌╌╌╌╌╌╌╌╌╌╌╌╌╌╌╌╌╌┼╌╌╌╌╌╌╌╌╌╌╌╌╌╌╌┤
│ 2026-09-07 23:00 ┆ 78 °F ┆    65 °F ┆    11% ┆      64% ┆ 10 mph SE              ┆ Mostly Clear  │
│ -05:00           ┆       ┆          ┆        ┆          ┆                        ┆               │
├╌╌╌╌╌╌╌╌╌╌╌╌╌╌╌╌╌╌┼╌╌╌╌╌╌╌┼╌╌╌╌╌╌╌╌╌╌┼╌╌╌╌╌╌╌╌┼╌╌╌╌╌╌╌╌╌╌┼╌╌╌╌╌╌╌╌╌╌╌╌╌╌╌╌╌╌╌╌╌╌╌╌┼╌╌╌╌╌╌╌╌╌╌╌╌╌╌╌┤
│ 2026-09-08 00:00 ┆ 78 °F ┆    65 °F ┆    11% ┆      64% ┆ 10 mph SE              ┆ Mostly Clear  │
│ -05:00           ┆       ┆          ┆        ┆          ┆                        ┆               │
├╌╌╌╌╌╌╌╌╌╌╌╌╌╌╌╌╌╌┼╌╌╌╌╌╌╌┼╌╌╌╌╌╌╌╌╌╌┼╌╌╌╌╌╌╌╌┼╌╌╌╌╌╌╌╌╌╌┼╌╌╌╌╌╌╌╌╌╌╌╌╌╌╌╌╌╌╌╌╌╌╌╌┼╌╌╌╌╌╌╌╌╌╌╌╌╌╌╌┤
│ 2026-09-08 01:00 ┆ 78 °F ┆    64 °F ┆    15% ┆      62% ┆ 10 mph SE              ┆ Slight Chance │
│ -05:00           ┆       ┆          ┆        ┆          ┆                        ┆ Showers And   │
│                  ┆       ┆          ┆        ┆          ┆                        ┆ Thunderstorms │
├╌╌╌╌╌╌╌╌╌╌╌╌╌╌╌╌╌╌┼╌╌╌╌╌╌╌┼╌╌╌╌╌╌╌╌╌╌┼╌╌╌╌╌╌╌╌┼╌╌╌╌╌╌╌╌╌╌┼╌╌╌╌╌╌╌╌╌╌╌╌╌╌╌╌╌╌╌╌╌╌╌╌┼╌╌╌╌╌╌╌╌╌╌╌╌╌╌╌┤
│ 2026-09-08 02:00 ┆ 77 °F ┆    64 °F ┆    15% ┆      64% ┆ 10 mph SE              ┆ Slight Chance │
│ -05:00           ┆       ┆          ┆        ┆          ┆                        ┆ Showers And   │
│                  ┆       ┆          ┆        ┆          ┆                        ┆ Thunderstorms │
├╌╌╌╌╌╌╌╌╌╌╌╌╌╌╌╌╌╌┼╌╌╌╌╌╌╌┼╌╌╌╌╌╌╌╌╌╌┼╌╌╌╌╌╌╌╌┼╌╌╌╌╌╌╌╌╌╌┼╌╌╌╌╌╌╌╌╌╌╌╌╌╌╌╌╌╌╌╌╌╌╌╌┼╌╌╌╌╌╌╌╌╌╌╌╌╌╌╌┤
│ 2026-09-08 03:00 ┆ 76 °F ┆    64 °F ┆    15% ┆      66% ┆ 10 mph S gust 20 mph   ┆ Slight Chance │
│ -05:00           ┆       ┆          ┆        ┆          ┆                        ┆ Showers And   │
│                  ┆       ┆          ┆        ┆          ┆                        ┆ Thunderstorms │
├╌╌╌╌╌╌╌╌╌╌╌╌╌╌╌╌╌╌┼╌╌╌╌╌╌╌┼╌╌╌╌╌╌╌╌╌╌┼╌╌╌╌╌╌╌╌┼╌╌╌╌╌╌╌╌╌╌┼╌╌╌╌╌╌╌╌╌╌╌╌╌╌╌╌╌╌╌╌╌╌╌╌┼╌╌╌╌╌╌╌╌╌╌╌╌╌╌╌┤
│ 2026-09-08 04:00 ┆ 75 °F ┆    64 °F ┆    15% ┆      69% ┆ 10 mph S gust 20 mph   ┆ Slight Chance │
│ -05:00           ┆       ┆          ┆        ┆          ┆                        ┆ Showers And   │
│                  ┆       ┆          ┆        ┆          ┆                        ┆ Thunderstorms │
├╌╌╌╌╌╌╌╌╌╌╌╌╌╌╌╌╌╌┼╌╌╌╌╌╌╌┼╌╌╌╌╌╌╌╌╌╌┼╌╌╌╌╌╌╌╌┼╌╌╌╌╌╌╌╌╌╌┼╌╌╌╌╌╌╌╌╌╌╌╌╌╌╌╌╌╌╌╌╌╌╌╌┼╌╌╌╌╌╌╌╌╌╌╌╌╌╌╌┤
│ 2026-09-08 05:00 ┆ 74 °F ┆    64 °F ┆    15% ┆      71% ┆ 10 mph S gust 20 mph   ┆ Slight Chance │
│ -05:00           ┆       ┆          ┆        ┆          ┆                        ┆ Showers And   │
│                  ┆       ┆          ┆        ┆          ┆                        ┆ Thunderstorms │
├╌╌╌╌╌╌╌╌╌╌╌╌╌╌╌╌╌╌┼╌╌╌╌╌╌╌┼╌╌╌╌╌╌╌╌╌╌┼╌╌╌╌╌╌╌╌┼╌╌╌╌╌╌╌╌╌╌┼╌╌╌╌╌╌╌╌╌╌╌╌╌╌╌╌╌╌╌╌╌╌╌╌┼╌╌╌╌╌╌╌╌╌╌╌╌╌╌╌┤
│ 2026-09-08 06:00 ┆ 73 °F ┆    63 °F ┆    15% ┆      71% ┆ 10 mph S               ┆ Slight Chance │
│ -05:00           ┆       ┆          ┆        ┆          ┆                        ┆ Showers And   │
│                  ┆       ┆          ┆        ┆          ┆                        ┆ Thunderstorms │
├╌╌╌╌╌╌╌╌╌╌╌╌╌╌╌╌╌╌┼╌╌╌╌╌╌╌┼╌╌╌╌╌╌╌╌╌╌┼╌╌╌╌╌╌╌╌┼╌╌╌╌╌╌╌╌╌╌┼╌╌╌╌╌╌╌╌╌╌╌╌╌╌╌╌╌╌╌╌╌╌╌╌┼╌╌╌╌╌╌╌╌╌╌╌╌╌╌╌┤
│ 2026-09-08 07:00 ┆ 73 °F ┆    63 °F ┆    14% ┆      71% ┆ 10 mph S               ┆ Partly Sunny  │
│ -05:00           ┆       ┆          ┆        ┆          ┆                        ┆               │
├╌╌╌╌╌╌╌╌╌╌╌╌╌╌╌╌╌╌┼╌╌╌╌╌╌╌┼╌╌╌╌╌╌╌╌╌╌┼╌╌╌╌╌╌╌╌┼╌╌╌╌╌╌╌╌╌╌┼╌╌╌╌╌╌╌╌╌╌╌╌╌╌╌╌╌╌╌╌╌╌╌╌┼╌╌╌╌╌╌╌╌╌╌╌╌╌╌╌┤
│ 2026-09-08 08:00 ┆ 75 °F ┆    63 °F ┆    14% ┆      66% ┆ 10 mph S               ┆ Partly Sunny  │
│ -05:00           ┆       ┆          ┆        ┆          ┆                        ┆               │
├╌╌╌╌╌╌╌╌╌╌╌╌╌╌╌╌╌╌┼╌╌╌╌╌╌╌┼╌╌╌╌╌╌╌╌╌╌┼╌╌╌╌╌╌╌╌┼╌╌╌╌╌╌╌╌╌╌┼╌╌╌╌╌╌╌╌╌╌╌╌╌╌╌╌╌╌╌╌╌╌╌╌┼╌╌╌╌╌╌╌╌╌╌╌╌╌╌╌┤
│ 2026-09-08 09:00 ┆ 77 °F ┆    64 °F ┆    14% ┆      64% ┆ 10 mph S gust 20 mph   ┆ Partly Sunny  │
│ -05:00           ┆       ┆          ┆        ┆          ┆                        ┆               │
├╌╌╌╌╌╌╌╌╌╌╌╌╌╌╌╌╌╌┼╌╌╌╌╌╌╌┼╌╌╌╌╌╌╌╌╌╌┼╌╌╌╌╌╌╌╌┼╌╌╌╌╌╌╌╌╌╌┼╌╌╌╌╌╌╌╌╌╌╌╌╌╌╌╌╌╌╌╌╌╌╌╌┼╌╌╌╌╌╌╌╌╌╌╌╌╌╌╌┤
│ 2026-09-08 10:00 ┆ 80 °F ┆    64 °F ┆    14% ┆      58% ┆ 15 mph S gust 20 mph   ┆ Partly Sunny  │
│ -05:00           ┆       ┆          ┆        ┆          ┆                        ┆               │
├╌╌╌╌╌╌╌╌╌╌╌╌╌╌╌╌╌╌┼╌╌╌╌╌╌╌┼╌╌╌╌╌╌╌╌╌╌┼╌╌╌╌╌╌╌╌┼╌╌╌╌╌╌╌╌╌╌┼╌╌╌╌╌╌╌╌╌╌╌╌╌╌╌╌╌╌╌╌╌╌╌╌┼╌╌╌╌╌╌╌╌╌╌╌╌╌╌╌┤
│ 2026-09-08 11:00 ┆ 83 °F ┆    64 °F ┆    14% ┆      53% ┆ 15 mph S gust 25 mph   ┆ Partly Sunny  │
│ -05:00           ┆       ┆          ┆        ┆          ┆                        ┆               │
├╌╌╌╌╌╌╌╌╌╌╌╌╌╌╌╌╌╌┼╌╌╌╌╌╌╌┼╌╌╌╌╌╌╌╌╌╌┼╌╌╌╌╌╌╌╌┼╌╌╌╌╌╌╌╌╌╌┼╌╌╌╌╌╌╌╌╌╌╌╌╌╌╌╌╌╌╌╌╌╌╌╌┼╌╌╌╌╌╌╌╌╌╌╌╌╌╌╌┤
│ 2026-09-08 12:00 ┆ 87 °F ┆    65 °F ┆    14% ┆      48% ┆ 15 mph S gust 25 mph   ┆ Partly Sunny  │
│ -05:00           ┆       ┆          ┆        ┆          ┆                        ┆               │
├╌╌╌╌╌╌╌╌╌╌╌╌╌╌╌╌╌╌┼╌╌╌╌╌╌╌┼╌╌╌╌╌╌╌╌╌╌┼╌╌╌╌╌╌╌╌┼╌╌╌╌╌╌╌╌╌╌┼╌╌╌╌╌╌╌╌╌╌╌╌╌╌╌╌╌╌╌╌╌╌╌╌┼╌╌╌╌╌╌╌╌╌╌╌╌╌╌╌┤
│ 2026-09-08 13:00 ┆ 89 °F ┆    65 °F ┆    10% ┆      45% ┆ 15 mph S gust 25 mph   ┆ Mostly Sunny  │
│ -05:00           ┆       ┆          ┆        ┆          ┆                        ┆               │
└──────────────────┴───────┴──────────┴────────┴──────────┴────────────────────────┴───────────────┘
